Archive member included to satisfy reference by file (symbol)

/home/nahomts/Desktop/DaisyExamples/libDaisy/build/libdaisy.a(daisy_seed.o)
                              build/axis.o (daisy::DaisySeed::Configure())
/home/nahomts/Desktop/DaisyExamples/libDaisy/build/libdaisy.a(codec_ak4556.o)
                              /home/nahomts/Desktop/DaisyExamples/libDaisy/build/libdaisy.a(daisy_seed.o) (daisy::Ak4556::Init(dsy_gpio_pin))
/home/nahomts/Desktop/DaisyExamples/libDaisy/build/libdaisy.a(codec_wm8731.o)
                              /home/nahomts/Desktop/DaisyExamples/libDaisy/build/libdaisy.a(daisy_seed.o) (daisy::Wm8731::Init(daisy::Wm8731::Config const&, daisy::I2CHandle))
/home/nahomts/Desktop/DaisyExamples/libDaisy/build/libdaisy.a(sdram.o)
                              /home/nahomts/Desktop/DaisyExamples/libDaisy/build/libdaisy.a(daisy_seed.o) (SdramHandle::Init())
/home/nahomts/Desktop/DaisyExamples/libDaisy/build/libdaisy.a(audio.o)
                              /home/nahomts/Desktop/DaisyExamples/libDaisy/build/libdaisy.a(daisy_seed.o) (daisy::AudioHandle::Init(daisy::AudioHandle::Config const&, daisy::SaiHandle))
/home/nahomts/Desktop/DaisyExamples/libDaisy/build/libdaisy.a(gpio.o)
                              /home/nahomts/Desktop/DaisyExamples/libDaisy/build/libdaisy.a(daisy_seed.o) (daisy::GPIO::Init(daisy::Pin, daisy::GPIO::Mode, daisy::GPIO::Pull, daisy::GPIO::Speed))
/home/nahomts/Desktop/DaisyExamples/libDaisy/build/libdaisy.a(i2c.o)
                              build/BNO055.o (daisy::I2CHandle::Init(daisy::I2CHandle::Config const&))
/home/nahomts/Desktop/DaisyExamples/libDaisy/build/libdaisy.a(qspi.o)
                              /home/nahomts/Desktop/DaisyExamples/libDaisy/build/libdaisy.a(daisy_seed.o) (daisy::QSPIHandle::Init(daisy::QSPIHandle::Config const&))
/home/nahomts/Desktop/DaisyExamples/libDaisy/build/libdaisy.a(sai.o)
                              /home/nahomts/Desktop/DaisyExamples/libDaisy/build/libdaisy.a(daisy_seed.o) (daisy::SaiHandle::Init(daisy::SaiHandle::Config const&))
/home/nahomts/Desktop/DaisyExamples/libDaisy/build/libdaisy.a(system.o)
                              /home/nahomts/Desktop/DaisyExamples/libDaisy/build/libdaisy.a(daisy_seed.o) (daisy::System::DeInit())
/home/nahomts/Desktop/DaisyExamples/libDaisy/build/libdaisy.a(system_stm32h7xx.o)
                              build/startup_stm32h750xx.o (SystemInit)
/home/nahomts/Desktop/DaisyExamples/libDaisy/build/libdaisy.a(usbd_conf.o)
                              /home/nahomts/Desktop/DaisyExamples/libDaisy/build/libdaisy.a(system.o) (hpcd_USB_OTG_HS)
/home/nahomts/Desktop/DaisyExamples/libDaisy/build/libdaisy.a(usbh_conf.o)
                              /home/nahomts/Desktop/DaisyExamples/libDaisy/build/libdaisy.a(system.o) (hhcd_USB_OTG_HS)
/home/nahomts/Desktop/DaisyExamples/libDaisy/build/libdaisy.a(hal_map.o)
                              /home/nahomts/Desktop/DaisyExamples/libDaisy/build/libdaisy.a(gpio.o) (dsy_hal_map_get_port)
/home/nahomts/Desktop/DaisyExamples/libDaisy/build/libdaisy.a(stm32h7xx_hal.o)
                              /home/nahomts/Desktop/DaisyExamples/libDaisy/build/libdaisy.a(system.o) (HAL_Init)
/home/nahomts/Desktop/DaisyExamples/libDaisy/build/libdaisy.a(stm32h7xx_hal_cortex.o)
                              /home/nahomts/Desktop/DaisyExamples/libDaisy/build/libdaisy.a(stm32h7xx_hal.o) (HAL_NVIC_SetPriorityGrouping)
/home/nahomts/Desktop/DaisyExamples/libDaisy/build/libdaisy.a(stm32h7xx_hal_dma.o)
                              /home/nahomts/Desktop/DaisyExamples/libDaisy/build/libdaisy.a(i2c.o) (HAL_DMA_Init)
/home/nahomts/Desktop/DaisyExamples/libDaisy/build/libdaisy.a(stm32h7xx_hal_gpio.o)
                              /home/nahomts/Desktop/DaisyExamples/libDaisy/build/libdaisy.a(sdram.o) (HAL_GPIO_Init)
/home/nahomts/Desktop/DaisyExamples/libDaisy/build/libdaisy.a(stm32h7xx_hal_hcd.o)
                              /home/nahomts/Desktop/DaisyExamples/libDaisy/build/libdaisy.a(usbh_conf.o) (HAL_HCD_HC_Init)
/home/nahomts/Desktop/DaisyExamples/libDaisy/build/libdaisy.a(stm32h7xx_hal_i2c.o)
                              /home/nahomts/Desktop/DaisyExamples/libDaisy/build/libdaisy.a(i2c.o) (HAL_I2C_Init)
/home/nahomts/Desktop/DaisyExamples/libDaisy/build/libdaisy.a(stm32h7xx_hal_i2c_ex.o)
                              /home/nahomts/Desktop/DaisyExamples/libDaisy/build/libdaisy.a(i2c.o) (HAL_I2CEx_ConfigAnalogFilter)
/home/nahomts/Desktop/DaisyExamples/libDaisy/build/libdaisy.a(stm32h7xx_hal_pcd.o)
                              /home/nahomts/Desktop/DaisyExamples/libDaisy/build/libdaisy.a(usbd_conf.o) (HAL_PCD_Init)
/home/nahomts/Desktop/DaisyExamples/libDaisy/build/libdaisy.a(stm32h7xx_hal_pcd_ex.o)
                              /home/nahomts/Desktop/DaisyExamples/libDaisy/build/libdaisy.a(usbd_conf.o) (HAL_PCDEx_SetTxFiFo)
/home/nahomts/Desktop/DaisyExamples/libDaisy/build/libdaisy.a(stm32h7xx_hal_pwr_ex.o)
[...]
Memory Configuration

Name             Origin             Length             Attributes
FLASH            0x0000000008000000 0x0000000000020000 xr
DTCMRAM          0x0000000020000000 0x0000000000020000 xrw
SRAM             0x0000000024000000 0x0000000000080000 xrw
RAM_D2           0x0000000030000000 0x0000000000048000 xrw
RAM_D3           0x0000000038000000 0x0000000000010000 xrw
BACKUP_SRAM      0x0000000038800000 0x0000000000001000 xrw
ITCMRAM          0x0000000000000000 0x0000000000010000 xrw
SDRAM            0x00000000c0000000 0x0000000004000000 xrw
QSPIFLASH        0x0000000090000000 0x0000000000800000 xr
*default*        0x0000000000000000 0xffffffffffffffff

Linker script and memory map

LOAD /home/nahomts/Developer/gcc-arm-none-eabi-10-2020-q4-major/bin/../lib/gcc/arm-none-eabi/10.2.1/thumb/v7e-m+dp/hard/crti.o
LOAD /home/nahomts/Developer/gcc-arm-none-eabi-10-2020-q4-major/bin/../lib/gcc/arm-none-eabi/10.2.1/thumb/v7e-m+dp/hard/crtbegin.o
LOAD /home/nahomts/Developer/gcc-arm-none-eabi-10-2020-q4-major/bin/../lib/gcc/arm-none-eabi/10.2.1/../../../../arm-none-eabi/lib/thumb/v7e-m+dp/hard/crt0.o
LOAD build/startup_stm32h750xx.o
LOAD build/axis.o
LOAD build/BNO055.o
LOAD /home/nahomts/Desktop/DaisyExamples/libDaisy/build/libdaisy.a
LOAD /home/nahomts/Developer/gcc-arm-none-eabi-10-2020-q4-major/bin/../lib/gcc/arm-none-eabi/10.2.1/../../../../arm-none-eabi/lib/thumb/v7e-m+dp/hard/libnosys.a
LOAD /home/nahomts/Desktop/DaisyExamples/DaisySP/build/libdaisysp.a
LOAD /home/nahomts/Developer/gcc-arm-none-eabi-10-2020-q4-major/bin/../lib/gcc/arm-none-eabi/10.2.1/../../../../arm-none-eabi/lib/thumb/v7e-m+dp/hard/libstdc++_nano.a
LOAD /home/nahomts/Developer/gcc-arm-none-eabi-10-2020-q4-major/bin/../lib/gcc/arm-none-eabi/10.2.1/../../../../arm-none-eabi/lib/thumb/v7e-m+dp/hard/libm.a
LOAD /home/nahomts/Developer/gcc-arm-none-eabi-10-2020-q4-major/bin/../lib/gcc/arm-none-eabi/10.2.1/../../../../arm-none-eabi/lib/thumb/v7e-m+dp/hard/libc_nano.a
START GROUP
LOAD /home/nahomts/Developer/gcc-arm-none-eabi-10-2020-q4-major/bin/../lib/gcc/arm-none-eabi/10.2.1/thumb/v7e-m+dp/hard/libgcc.a
LOAD /home/nahomts/Developer/gcc-arm-none-eabi-10-2020-q4-major/bin/../lib/gcc/arm-none-eabi/10.2.1/../../../../arm-none-eabi/lib/thumb/v7e-m+dp/hard/libc_nano.a
END GROUP
START GROUP
LOAD /home/nahomts/Developer/gcc-arm-none-eabi-10-2020-q4-major/bin/../lib/gcc/arm-none-eabi/10.2.1/thumb/v7e-m+dp/hard/libgcc.a
LOAD /home/nahomts/Developer/gcc-arm-none-eabi-10-2020-q4-major/bin/../lib/gcc/arm-none-eabi/10.2.1/../../../../arm-none-eabi/lib/thumb/v7e-m+dp/hard/libc_nano.a
LOAD /home/nahomts/Developer/gcc-arm-none-eabi-10-2020-q4-major/bin/../lib/gcc/arm-none-eabi/10.2.1/../../../../arm-none-eabi/lib/thumb/v7e-m+dp/hard/libnosys.a
END GROUP
START GROUP
LOAD /home/nahomts/Developer/gcc-arm-none-eabi-10-2020-q4-major/bin/../lib/gcc/arm-none-eabi/10.2.1/thumb/v7e-m+dp/hard/libgcc.a
LOAD /home/nahomts/Developer/gcc-arm-none-eabi-10-2020-q4-major/bin/../lib/gcc/arm-none-eabi/10.2.1/../../../../arm-none-eabi/lib/thumb/v7e-m+dp/hard/libc_nano.a
LOAD /home/nahomts/Developer/gcc-arm-none-eabi-10-2020-q4-major/bin/../lib/gcc/arm-none-eabi/10.2.1/../../../../arm-none-eabi/lib/thumb/v7e-m+dp/hard/libnosys.a
END GROUP
LOAD /home/nahomts/Developer/gcc-arm-none-eabi-10-2020-q4-major/bin/../lib/gcc/arm-none-eabi/10.2.1/thumb/v7e-m+dp/hard/crtend.o
LOAD /home/nahomts/Developer/gcc-arm-none-eabi-10-2020-q4-major/bin/../lib/gcc/arm-none-eabi/10.2.1/thumb/v7e-m+dp/hard/crtn.o
                0x0000000020020000                _estack = 0x20020000

.isr_vector     0x0000000008000000      0x298
                0x0000000008000000                . = ALIGN (0x4)
 *(.isr_vector)
 .isr_vector    0x0000000008000000      0x298 build/startup_stm32h750xx.o
                0x0000000008000000                g_pfnVectors
                0x0000000008000298                . = ALIGN (0x4)

.text           0x0000000008000298    0x10a78
                0x0000000008000298                . = ALIGN (0x4)
                0x0000000008000298                _stext = .
 *(.text)
 .text          0x0000000008000298       0x40 /home/nahomts/Developer/gcc-arm-none-eabi-10-2020-q4-major/bin/../lib/gcc/arm-none-eabi/10.2.1/thumb/v7e-m+dp/hard/crtbegin.o
 .text          0x00000000080002d8      0x378 /home/nahomts/Developer/gcc-arm-none-eabi-10-2020-q4-major/bin/../lib/gcc/arm-none-eabi/10.2.1/thumb/v7e-m+dp/hard/libgcc.a(_arm_addsubdf3.o)
                0x00000000080002d8                __aeabi_drsub
                0x00000000080002e0                __aeabi_dsub
                0x00000000080002e0                __subdf3
                0x00000000080002e4                __adddf3
                0x00000000080002e4                __aeabi_dadd
                0x000000000800055c                __aeabi_ui2d
                0x000000000800055c                __floatunsidf
                0x000000000800057c                __floatsidf
                0x000000000800057c                __aeabi_i2d
                0x00000000080005a0                __extendsfdf2
                0x00000000080005a0                __aeabi_f2d
                0x00000000080005e4                __aeabi_ul2d
                0x00000000080005e4                __floatundidf
                0x00000000080005f4                __floatdidf
                0x00000000080005f4                __aeabi_l2d
 .text          0x0000000008000650       0x30 /home/nahomts/Developer/gcc-arm-none-eabi-10-2020-q4-major/bin/../lib/gcc/arm-none-eabi/10.2.1/thumb/v7e-m+dp/hard/libgcc.a(_aeabi_uldivmod.o)
                0x0000000008000650                __aeabi_uldivmod
 .text          0x0000000008000680      0x2d0 /home/nahomts/Developer/gcc-arm-none-eabi-10-2020-q4-major/bin/../lib/gcc/arm-none-eabi/10.2.1/thumb/v7e-m+dp/hard/libgcc.a(_udivmoddi4.o)
                0x0000000008000680                __udivmoddi4
 .text          0x0000000008000950        0x4 /home/nahomts/Developer/gcc-arm-none-eabi-10-2020-q4-major/bin/../lib/gcc/arm-none-eabi/10.2.1/thumb/v7e-m+dp/hard/libgcc.a(_dvmd_tls.o)
                0x0000000008000950                __aeabi_ldiv0
                0x0000000008000950                __aeabi_idiv0
 *(.text*)
 .text.Default_Handler
                0x0000000008000954        0x4 build/startup_stm32h750xx.o
                0x0000000008000954                RTC_Alarm_IRQHandler
                0x0000000008000954                HASH_RNG_IRQHandler
                0x0000000008000954                EXTI2_IRQHandler
                0x0000000008000954                TIM8_CC_IRQHandler
                0x0000000008000954                HRTIM1_Master_IRQHandler
                0x0000000008000954                DebugMon_Handler
                0x0000000008000954                TIM1_CC_IRQHandler
                0x0000000008000954                BDMA_Channel6_IRQHandler
                0x0000000008000954                DMA2_Stream5_IRQHandler
                0x0000000008000954                HRTIM1_FLT_IRQHandler
                0x0000000008000954                JPEG_IRQHandler
                0x0000000008000954                BDMA_Channel1_IRQHandler
                0x0000000008000954                HRTIM1_TIMD_IRQHandler
                0x0000000008000954                TAMP_STAMP_IRQHandler
                0x0000000008000954                PendSV_Handler
                0x0000000008000954                NMI_Handler
                0x0000000008000954                EXTI3_IRQHandler
                0x0000000008000954                LPTIM4_IRQHandler
                0x0000000008000954                TIM8_TRG_COM_TIM14_IRQHandler
                0x0000000008000954                LPTIM2_IRQHandler
                0x0000000008000954                DFSDM1_FLT1_IRQHandler
                0x0000000008000954                DMAMUX2_OVR_IRQHandler
                0x0000000008000954                TIM8_UP_TIM13_IRQHandler
                0x0000000008000954                I2C3_ER_IRQHandler
                0x0000000008000954                DFSDM1_FLT2_IRQHandler
                0x0000000008000954                MDMA_IRQHandler
                0x0000000008000954                LPTIM3_IRQHandler
                0x0000000008000954                HSEM1_IRQHandler
                0x0000000008000954                EXTI0_IRQHandler
                0x0000000008000954                DMA1_Stream2_IRQHandler
                0x0000000008000954                FPU_IRQHandler
                0x0000000008000954                OTG_HS_WKUP_IRQHandler
                0x0000000008000954                FDCAN1_IT1_IRQHandler
                0x0000000008000954                UsageFault_Handler
                0x0000000008000954                LTDC_ER_IRQHandler
                0x0000000008000954                HRTIM1_TIME_IRQHandler
                0x0000000008000954                TIM6_DAC_IRQHandler
                0x0000000008000954                DCMI_IRQHandler
                0x0000000008000954                HRTIM1_TIMC_IRQHandler
                0x0000000008000954                SAI2_IRQHandler
                0x0000000008000954                DFSDM1_FLT3_IRQHandler
                0x0000000008000954                TIM17_IRQHandler
                0x0000000008000954                CRYP_IRQHandler
                0x0000000008000954                BDMA_Channel7_IRQHandler
                0x0000000008000954                LPTIM5_IRQHandler
                0x0000000008000954                ADC3_IRQHandler
                0x0000000008000954                DMA2_Stream0_IRQHandler
                0x0000000008000954                BDMA_Channel2_IRQHandler
                0x0000000008000954                DMAMUX1_OVR_IRQHandler
                0x0000000008000954                TIM16_IRQHandler
                0x0000000008000954                BDMA_Channel5_IRQHandler
                0x0000000008000954                RCC_IRQHandler
                0x0000000008000954                TIM8_BRK_TIM12_IRQHandler
                0x0000000008000954                TIM1_TRG_COM_IRQHandler
                0x0000000008000954                Default_Handler
                0x0000000008000954                ECC_IRQHandler
                0x0000000008000954                CEC_IRQHandler
                0x0000000008000954                EXTI15_10_IRQHandler
                0x0000000008000954                BDMA_Channel0_IRQHandler
                0x0000000008000954                ADC_IRQHandler
                0x0000000008000954                DMA1_Stream7_IRQHandler
                0x0000000008000954                HRTIM1_TIMA_IRQHandler
                0x0000000008000954                TIM7_IRQHandler
                0x0000000008000954                SDMMC1_IRQHandler
                0x0000000008000954                DMA2_Stream7_IRQHandler
                0x0000000008000954                TIM15_IRQHandler
                0x0000000008000954                PVD_AVD_IRQHandler
                0x0000000008000954                EXTI9_5_IRQHandler
                0x0000000008000954                RTC_WKUP_IRQHandler
                0x0000000008000954                LTDC_IRQHandler
                0x0000000008000954                SAI3_IRQHandler
                0x0000000008000954                ETH_WKUP_IRQHandler
                0x0000000008000954                SPDIF_RX_IRQHandler
                0x0000000008000954                MemManage_Handler
                0x0000000008000954                SVC_Handler
                0x0000000008000954                CRS_IRQHandler
                0x0000000008000954                EXTI4_IRQHandler
                0x0000000008000954                HRTIM1_TIMB_IRQHandler
                0x0000000008000954                FDCAN2_IT1_IRQHandler
                0x0000000008000954                ETH_IRQHandler
                0x0000000008000954                TIM1_UP_IRQHandler
                0x0000000008000954                BDMA_Channel4_IRQHandler
                0x0000000008000954                WWDG_IRQHandler
                0x0000000008000954                SPI6_IRQHandler
                0x0000000008000954                I2C4_EV_IRQHandler
                0x0000000008000954                MDIOS_IRQHandler
                0x0000000008000954                FDCAN2_IT0_IRQHandler
                0x0000000008000954                FDCAN1_IT0_IRQHandler
                0x0000000008000954                OTG_FS_WKUP_IRQHandler
                0x0000000008000954                DMA2D_IRQHandler
                0x0000000008000954                TIM1_BRK_IRQHandler
                0x0000000008000954                EXTI1_IRQHandler
                0x0000000008000954                SDMMC2_IRQHandler
                0x0000000008000954                OTG_FS_EP1_OUT_IRQHandler
                0x0000000008000954                BDMA_Channel3_IRQHandler
                0x0000000008000954                MDIOS_WKUP_IRQHandler
                0x0000000008000954                DFSDM1_FLT0_IRQHandler
                0x0000000008000954                SAI4_IRQHandler
                0x0000000008000954                I2C2_ER_IRQHandler
                0x0000000008000954                DMA2_Stream1_IRQHandler
                0x0000000008000954                FLASH_IRQHandler
                0x0000000008000954                BusFault_Handler
                0x0000000008000954                OTG_FS_IRQHandler
                0x0000000008000954                WAKEUP_PIN_IRQHandler
                0x0000000008000954                OTG_FS_EP1_IN_IRQHandler
                0x0000000008000954                I2C1_ER_IRQHandler
                0x0000000008000954                FMC_IRQHandler
                0x0000000008000954                FDCAN_CAL_IRQHandler
                0x0000000008000954                SWPMI1_IRQHandler
                0x0000000008000954                COMP1_IRQHandler
                0x0000000008000954                LPTIM1_IRQHandler
                0x0000000008000954                I2C4_ER_IRQHandler
                0x0000000008000954                DMA2_Stream6_IRQHandler
                0x0000000008000954                SAI1_IRQHandler
 .text.Reset_Handler
                0x0000000008000958       0x44 build/startup_stm32h750xx.o
                0x0000000008000958                Reset_Handler
 .text._ZN5daisy9DaisySeedD2Ev
                0x000000000800099c        0x4 build/axis.o
                0x000000000800099c                daisy::DaisySeed::~DaisySeed()
                0x000000000800099c                daisy::DaisySeed::~DaisySeed()
 .text._ZN7daisysp10OscillatorD2Ev
                0x00000000080009a0        0x4 build/axis.o
                0x00000000080009a0                daisysp::Oscillator::~Oscillator()
                0x00000000080009a0                daisysp::Oscillator::~Oscillator()
 *fill*         0x00000000080009a4        0x4 
 .text._Z13AudioCallbackPKPKfPPfj
                0x00000000080009a8      0x1cc build/axis.o
                0x00000000080009a8                AudioCallback(float const* const*, float**, unsigned int)
 .text.startup.main
                0x0000000008000b74       0x9c build/axis.o
                0x0000000008000b74                main
 .text.startup._GLOBAL__sub_I_hardware
                0x0000000008000c10       0x38 build/axis.o
 .text._Z10InitBNO055v
                0x0000000008000c48       0xbc build/BNO055.o
                0x0000000008000c48                InitBNO055()
 .text._Z15ReadEulerAnglesv
                0x0000000008000d04       0x6c build/BNO055.o
                0x0000000008000d04                ReadEulerAngles()
 .text.startup._GLOBAL__sub_I_i2c
                0x0000000008000d70        0xc build/BNO055.o
 .text._ZN5daisy9DaisySeed9ConfigureEv
                0x0000000008000d7c        0x4 /home/nahomts/Desktop/DaisyExamples/libDaisy/build/libdaisy.a(daisy_seed.o)
                0x0000000008000d7c                daisy::DaisySeed::Configure()
 .text._ZN5daisy9DaisySeed10StartAudioEPFvPKPKfPPfjE
                0x0000000008000d80        0x8 /home/nahomts/Desktop/DaisyExamples/libDaisy/build/libdaisy.a(daisy_seed.o)
                0x0000000008000d80                daisy::DaisySeed::StartAudio(void (*)(float const* const*, float**, unsigned int))
 .text._ZN5daisy9DaisySeed15AudioSampleRateEv
                0x0000000008000d88        0x8 /home/nahomts/Desktop/DaisyExamples/libDaisy/build/libdaisy.a(daisy_seed.o)
                0x0000000008000d88                daisy::DaisySeed::AudioSampleRate()
 .text._ZN5daisy9DaisySeed17SetAudioBlockSizeEj
                0x0000000008000d90       0x38 /home/nahomts/Desktop/DaisyExamples/libDaisy/build/libdaisy.a(daisy_seed.o)
                0x0000000008000d90                daisy::DaisySeed::SetAudioBlockSize(unsigned int)
 .text._ZN5daisy9DaisySeed17CheckBoardVersionEv
                0x0000000008000dc8       0x6c /home/nahomts/Desktop/DaisyExamples/libDaisy/build/libdaisy.a(daisy_seed.o)
                0x0000000008000dc8                daisy::DaisySeed::CheckBoardVersion()
 .text._ZN5daisy9DaisySeed14ConfigureAudioEv
                0x0000000008000e34      0x10c /home/nahomts/Desktop/DaisyExamples/libDaisy/build/libdaisy.a(daisy_seed.o)
                0x0000000008000e34                daisy::DaisySeed::ConfigureAudio()
 .text._ZN5daisy9DaisySeed4InitEb
                0x0000000008000f40      0x108 /home/nahomts/Desktop/DaisyExamples/libDaisy/build/libdaisy.a(daisy_seed.o)
                0x0000000008000f40                daisy::DaisySeed::Init(bool)
 .text._ZN5daisy6Ak45564InitE12dsy_gpio_pin
                0x0000000008001048       0x44 /home/nahomts/Desktop/DaisyExamples/libDaisy/build/libdaisy.a(codec_ak4556.o)
                0x0000000008001048                daisy::Ak4556::Init(dsy_gpio_pin)
 .text._ZN5daisy6Wm873120WriteControlRegisterEht
                0x000000000800108c       0x3c /home/nahomts/Desktop/DaisyExamples/libDaisy/build/libdaisy.a(codec_wm8731.o)
                0x000000000800108c                daisy::Wm8731::WriteControlRegister(unsigned char, unsigned short)
 .text._ZN5daisy6Wm87314InitERKNS0_6ConfigENS_9I2CHandleE
                0x00000000080010c8      0x1bc /home/nahomts/Desktop/DaisyExamples/libDaisy/build/libdaisy.a(codec_wm8731.o)
                0x00000000080010c8                daisy::Wm8731::Init(daisy::Wm8731::Config const&, daisy::I2CHandle)
 .text._ZN11SdramHandle10DeviceInitEv
                0x0000000008001284       0x98 /home/nahomts/Desktop/DaisyExamples/libDaisy/build/libdaisy.a(sdram.o)
                0x0000000008001284                SdramHandle::DeviceInit()
 .text._ZN11SdramHandle4InitEv
                0x000000000800131c       0x7c /home/nahomts/Desktop/DaisyExamples/libDaisy/build/libdaisy.a(sdram.o)
                0x000000000800131c                SdramHandle::Init()
 .text.HAL_SDRAM_MspInit
                0x0000000008001398      0x1a8 /home/nahomts/Desktop/DaisyExamples/libDaisy/build/libdaisy.a(sdram.o)
                0x0000000008001398                HAL_SDRAM_MspInit
 .text._ZN5daisy11AudioHandle4Impl16InternalCallbackEPlS2_j
                0x0000000008001540      0xbbc /home/nahomts/Desktop/DaisyExamples/libDaisy/build/libdaisy.a(audio.o)
                0x0000000008001540                daisy::AudioHandle::Impl::InternalCallback(long*, long*, unsigned int)
 .text._ZN5daisy11AudioHandle4InitERKNS0_6ConfigENS_9SaiHandleE
                0x00000000080020fc       0x70 /home/nahomts/Desktop/DaisyExamples/libDaisy/build/libdaisy.a(audio.o)
                0x00000000080020fc                daisy::AudioHandle::Init(daisy::AudioHandle::Config const&, daisy::SaiHandle)
 .text._ZNK5daisy11AudioHandle9GetConfigEv
                0x000000000800216c        0x8 /home/nahomts/Desktop/DaisyExamples/libDaisy/build/libdaisy.a(audio.o)
                0x000000000800216c                daisy::AudioHandle::GetConfig() const
 .text._ZN5daisy11AudioHandle12SetBlockSizeEj
                0x0000000008002174       0x1c /home/nahomts/Desktop/DaisyExamples/libDaisy/build/libdaisy.a(audio.o)
                0x0000000008002174                daisy::AudioHandle::SetBlockSize(unsigned int)
 .text._ZN5daisy11AudioHandle13GetSampleRateEv
                0x0000000008002190        0x8 /home/nahomts/Desktop/DaisyExamples/libDaisy/build/libdaisy.a(audio.o)
                0x0000000008002190                daisy::AudioHandle::GetSampleRate()
 .text._ZN5daisy11AudioHandle5StartEPFvPKPKfPPfjE
                0x0000000008002198       0x44 /home/nahomts/Desktop/DaisyExamples/libDaisy/build/libdaisy.a(audio.o)
                0x0000000008002198                daisy::AudioHandle::Start(void (*)(float const* const*, float**, unsigned int))
 .text.startup._GLOBAL__sub_I__ZN5daisy11AudioHandle4Impl4InitENS0_6ConfigENS_9SaiHandleE
                0x00000000080021dc       0x24 /home/nahomts/Desktop/DaisyExamples/libDaisy/build/libdaisy.a(audio.o)
 .text._ZN5daisy4GPIO4InitENS_3PinENS0_4ModeENS0_4PullENS0_5SpeedE
                0x0000000008002200      0x1cc /home/nahomts/Desktop/DaisyExamples/libDaisy/build/libdaisy.a(gpio.o)
                0x0000000008002200                daisy::GPIO::Init(daisy::Pin, daisy::GPIO::Mode, daisy::GPIO::Pull, daisy::GPIO::Speed)
 .text._ZN5daisy4GPIO4ReadEv
                0x00000000080023cc       0x18 /home/nahomts/Desktop/DaisyExamples/libDaisy/build/libdaisy.a(gpio.o)
                0x00000000080023cc                daisy::GPIO::Read()
 .text._ZN5daisy4GPIO5WriteEb
                0x00000000080023e4       0x14 /home/nahomts/Desktop/DaisyExamples/libDaisy/build/libdaisy.a(gpio.o)
                0x00000000080023e4                daisy::GPIO::Write(bool)
 .text.dsy_gpio_init
                0x00000000080023f8      0x1b8 /home/nahomts/Desktop/DaisyExamples/libDaisy/build/libdaisy.a(gpio.o)
                0x00000000080023f8                dsy_gpio_init
 .text.dsy_gpio_write
                0x00000000080025b0       0x24 /home/nahomts/Desktop/DaisyExamples/libDaisy/build/libdaisy.a(gpio.o)
                0x00000000080025b0                dsy_gpio_write
 .text._ZN5daisy9I2CHandle4Impl8InitPinsEv
                0x00000000080025d4       0x58 /home/nahomts/Desktop/DaisyExamples/libDaisy/build/libdaisy.a(i2c.o)
                0x00000000080025d4                daisy::I2CHandle::Impl::InitPins()
 .text.HAL_I2C_MspInit
                0x000000000800262c      0x1b4 /home/nahomts/Desktop/DaisyExamples/libDaisy/build/libdaisy.a(i2c.o)
                0x000000000800262c                HAL_I2C_MspInit
 .text.dsy_i2c_global_init
                0x00000000080027e0       0x78 /home/nahomts/Desktop/DaisyExamples/libDaisy/build/libdaisy.a(i2c.o)
                0x00000000080027e0                dsy_i2c_global_init
 .text.DMA1_Stream6_IRQHandler
                0x0000000008002858       0x34 /home/nahomts/Desktop/DaisyExamples/libDaisy/build/libdaisy.a(i2c.o)
                0x0000000008002858                DMA1_Stream6_IRQHandler
 .text.I2C1_EV_IRQHandler
                0x000000000800288c        0xc /home/nahomts/Desktop/DaisyExamples/libDaisy/build/libdaisy.a(i2c.o)
                0x000000000800288c                I2C1_EV_IRQHandler
 .text.I2C2_EV_IRQHandler
                0x0000000008002898        0xc /home/nahomts/Desktop/DaisyExamples/libDaisy/build/libdaisy.a(i2c.o)
                0x0000000008002898                I2C2_EV_IRQHandler
 .text.I2C3_EV_IRQHandler
                0x00000000080028a4        0xc /home/nahomts/Desktop/DaisyExamples/libDaisy/build/libdaisy.a(i2c.o)
                0x00000000080028a4                I2C3_EV_IRQHandler
 .text._ZN5daisy9I2CHandle4InitERKNS0_6ConfigE
                0x00000000080028b0      0x12c /home/nahomts/Desktop/DaisyExamples/libDaisy/build/libdaisy.a(i2c.o)
                0x00000000080028b0                daisy::I2CHandle::Init(daisy::I2CHandle::Config const&)
 .text._ZN5daisy9I2CHandle16TransmitBlockingEtPhtm
                0x00000000080029dc       0x50 /home/nahomts/Desktop/DaisyExamples/libDaisy/build/libdaisy.a(i2c.o)
                0x00000000080029dc                daisy::I2CHandle::TransmitBlocking(unsigned short, unsigned char*, unsigned short, unsigned long)
 .text._ZN5daisy9I2CHandle15ReceiveBlockingEtPhtm
                0x0000000008002a2c       0x50 /home/nahomts/Desktop/DaisyExamples/libDaisy/build/libdaisy.a(i2c.o)
                0x0000000008002a2c                daisy::I2CHandle::ReceiveBlocking(unsigned short, unsigned char*, unsigned short, unsigned long)
 .text.startup._GLOBAL__sub_I__ZN5daisy9I2CHandle4Impl10GlobalInitEv
                0x0000000008002a7c       0x18 /home/nahomts/Desktop/DaisyExamples/libDaisy/build/libdaisy.a(i2c.o)
 .text._ZN5daisy10QSPIHandle4Impl11WriteEnableEv
                0x0000000008002a94       0x8c /home/nahomts/Desktop/DaisyExamples/libDaisy/build/libdaisy.a(qspi.o)
                0x0000000008002a94                daisy::QSPIHandle::Impl::WriteEnable()
 .text._ZN5daisy10QSPIHandle4Impl17DummyCyclesConfigENS0_6Config6DeviceE
                0x0000000008002b20      0x118 /home/nahomts/Desktop/DaisyExamples/libDaisy/build/libdaisy.a(qspi.o)
                0x0000000008002b20                daisy::QSPIHandle::Impl::DummyCyclesConfig(daisy::QSPIHandle::Config::Device)
 .text._ZN5daisy10QSPIHandle4Impl10QuadEnableEv
                0x0000000008002c38      0x158 /home/nahomts/Desktop/DaisyExamples/libDaisy/build/libdaisy.a(qspi.o)
                0x0000000008002c38                daisy::QSPIHandle::Impl::QuadEnable()
 .text._ZN5daisy10QSPIHandle4InitERKNS0_6ConfigE
                0x0000000008002d90      0x198 /home/nahomts/Desktop/DaisyExamples/libDaisy/build/libdaisy.a(qspi.o)
                0x0000000008002d90                daisy::QSPIHandle::Init(daisy::QSPIHandle::Config const&)
 .text.HAL_QSPI_MspInit
                0x0000000008002f28      0x11c /home/nahomts/Desktop/DaisyExamples/libDaisy/build/libdaisy.a(qspi.o)
                0x0000000008002f28                HAL_QSPI_MspInit
 .text.HAL_QSPI_MspDeInit
                0x0000000008003044       0x54 /home/nahomts/Desktop/DaisyExamples/libDaisy/build/libdaisy.a(qspi.o)
                0x0000000008003044                HAL_QSPI_MspDeInit
 .text.QUADSPI_IRQHandler
                0x0000000008003098        0xc /home/nahomts/Desktop/DaisyExamples/libDaisy/build/libdaisy.a(qspi.o)
                0x0000000008003098                QUADSPI_IRQHandler
 .text.startup._GLOBAL__sub_I__ZN5daisy10QSPIHandle4Impl4InitERKNS0_6ConfigE
                0x00000000080030a4       0x28 /home/nahomts/Desktop/DaisyExamples/libDaisy/build/libdaisy.a(qspi.o)
 .text._ZN5daisy9SaiHandle4Impl7InitDmaENS1_15PeripheralBlockE
                0x00000000080030cc       0xa0 /home/nahomts/Desktop/DaisyExamples/libDaisy/build/libdaisy.a(sai.o)
                0x00000000080030cc                daisy::SaiHandle::Impl::InitDma(daisy::SaiHandle::Impl::PeripheralBlock)
 .text._ZN5daisy9SaiHandle4Impl8InitPinsEv
                0x000000000800316c       0xa8 /home/nahomts/Desktop/DaisyExamples/libDaisy/build/libdaisy.a(sai.o)
                0x000000000800316c                daisy::SaiHandle::Impl::InitPins()
 .text.HAL_SAI_MspInit
                0x0000000008003214      0x164 /home/nahomts/Desktop/DaisyExamples/libDaisy/build/libdaisy.a(sai.o)
                0x0000000008003214                HAL_SAI_MspInit
 .text.DMA1_Stream0_IRQHandler
                0x0000000008003378        0xc /home/nahomts/Desktop/DaisyExamples/libDaisy/build/libdaisy.a(sai.o)
                0x0000000008003378                DMA1_Stream0_IRQHandler
 .text.DMA1_Stream1_IRQHandler
                0x0000000008003384        0xc /home/nahomts/Desktop/DaisyExamples/libDaisy/build/libdaisy.a(sai.o)
                0x0000000008003384                DMA1_Stream1_IRQHandler
 .text.DMA1_Stream3_IRQHandler
                0x0000000008003390        0xc /home/nahomts/Desktop/DaisyExamples/libDaisy/build/libdaisy.a(sai.o)
                0x0000000008003390                DMA1_Stream3_IRQHandler
 .text.DMA1_Stream4_IRQHandler
                0x000000000800339c        0xc /home/nahomts/Desktop/DaisyExamples/libDaisy/build/libdaisy.a(sai.o)
                0x000000000800339c                DMA1_Stream4_IRQHandler
 .text.HAL_SAI_RxHalfCpltCallback
                0x00000000080033a8       0x78 /home/nahomts/Desktop/DaisyExamples/libDaisy/build/libdaisy.a(sai.o)
                0x00000000080033a8                HAL_SAI_RxHalfCpltCallback
 .text.HAL_SAI_RxCpltCallback
                0x0000000008003420       0x70 /home/nahomts/Desktop/DaisyExamples/libDaisy/build/libdaisy.a(sai.o)
                0x0000000008003420                HAL_SAI_RxCpltCallback
 .text._ZN5daisy9SaiHandle4InitERKNS0_6ConfigE
                0x0000000008003490      0x1f0 /home/nahomts/Desktop/DaisyExamples/libDaisy/build/libdaisy.a(sai.o)
                0x0000000008003490                daisy::SaiHandle::Init(daisy::SaiHandle::Config const&)
 .text._ZNK5daisy9SaiHandle9GetConfigEv
                0x0000000008003680        0x4 /home/nahomts/Desktop/DaisyExamples/libDaisy/build/libdaisy.a(sai.o)
                0x0000000008003680                daisy::SaiHandle::GetConfig() const
 .text._ZN5daisy9SaiHandle8StartDmaEPlS1_jPFvS1_S1_jE
                0x0000000008003684       0xbc /home/nahomts/Desktop/DaisyExamples/libDaisy/build/libdaisy.a(sai.o)
                0x0000000008003684                daisy::SaiHandle::StartDma(long*, long*, unsigned int, void (*)(long*, long*, unsigned int))
 .text._ZN5daisy9SaiHandle13GetSampleRateEv
                0x0000000008003740       0x24 /home/nahomts/Desktop/DaisyExamples/libDaisy/build/libdaisy.a(sai.o)
                0x0000000008003740                daisy::SaiHandle::GetSampleRate()
 .text._ZNK5daisy9SaiHandle9GetOffsetEv
                0x0000000008003764        0x8 /home/nahomts/Desktop/DaisyExamples/libDaisy/build/libdaisy.a(sai.o)
                0x0000000008003764                daisy::SaiHandle::GetOffset() const
 .text._ZN5daisy11TimerHandleD2Ev
                0x000000000800376c        0x4 /home/nahomts/Desktop/DaisyExamples/libDaisy/build/libdaisy.a(system.o)
                0x000000000800376c                daisy::TimerHandle::~TimerHandle()
                0x000000000800376c                daisy::TimerHandle::~TimerHandle()
 .text.SysTick_Handler
                0x0000000008003770       0x10 /home/nahomts/Desktop/DaisyExamples/libDaisy/build/libdaisy.a(system.o)
                0x0000000008003770                SysTick_Handler
 .text.OTG_HS_EP1_OUT_IRQHandler
                0x0000000008003780       0x24 /home/nahomts/Desktop/DaisyExamples/libDaisy/build/libdaisy.a(system.o)
                0x0000000008003780                OTG_HS_EP1_OUT_IRQHandler
 .text.OTG_HS_EP1_IN_IRQHandler
                0x00000000080037a4       0x24 /home/nahomts/Desktop/DaisyExamples/libDaisy/build/libdaisy.a(system.o)
                0x00000000080037a4                OTG_HS_EP1_IN_IRQHandler
 .text.OTG_HS_IRQHandler
                0x00000000080037c8       0x24 /home/nahomts/Desktop/DaisyExamples/libDaisy/build/libdaisy.a(system.o)
                0x00000000080037c8                OTG_HS_IRQHandler
 .text.HardFault_Handler
                0x00000000080037ec       0xe0 /home/nahomts/Desktop/DaisyExamples/libDaisy/build/libdaisy.a(system.o)
                0x00000000080037ec                HardFault_Handler
 .text._ZN5daisy6System5DelayEm
                0x00000000080038cc        0x4 /home/nahomts/Desktop/DaisyExamples/libDaisy/build/libdaisy.a(system.o)
                0x00000000080038cc                daisy::System::Delay(unsigned long)
 .text._ZN5daisy6System20GetBootloaderVersionEv
                0x00000000080038d0       0x34 /home/nahomts/Desktop/DaisyExamples/libDaisy/build/libdaisy.a(system.o)
                0x00000000080038d0                daisy::System::GetBootloaderVersion()
 .text._ZN5daisy6System15ConfigureClocksEv
                0x0000000008003904      0x194 /home/nahomts/Desktop/DaisyExamples/libDaisy/build/libdaisy.a(system.o)
                0x0000000008003904                daisy::System::ConfigureClocks()
 .text._ZN5daisy6System12ConfigureMpuEv
                0x0000000008003a98       0x7c /home/nahomts/Desktop/DaisyExamples/libDaisy/build/libdaisy.a(system.o)
                0x0000000008003a98                daisy::System::ConfigureMpu()
 .text._ZN5daisy6System4InitERKNS0_6ConfigE
                0x0000000008003b14       0xec /home/nahomts/Desktop/DaisyExamples/libDaisy/build/libdaisy.a(system.o)
                0x0000000008003b14                daisy::System::Init(daisy::System::Config const&)
 .text._ZN5daisy6System12GetPClk1FreqEv
                0x0000000008003c00        0x4 /home/nahomts/Desktop/DaisyExamples/libDaisy/build/libdaisy.a(system.o)
                0x0000000008003c00                daisy::System::GetPClk1Freq()
 .text._ZN5daisy6System22GetProgramMemoryRegionEv
                0x0000000008003c04       0x78 /home/nahomts/Desktop/DaisyExamples/libDaisy/build/libdaisy.a(system.o)
                0x0000000008003c04                daisy::System::GetProgramMemoryRegion()
 .text.startup._GLOBAL__sub_I__ZN5daisy9boot_infoE
                0x0000000008003c7c       0x1c /home/nahomts/Desktop/DaisyExamples/libDaisy/build/libdaisy.a(system.o)
 .text.SystemInit
                0x0000000008003c98       0x9c /home/nahomts/Desktop/DaisyExamples/libDaisy/build/libdaisy.a(system_stm32h7xx.o)
                0x0000000008003c98                SystemInit
 .text.HAL_PCD_SetupStageCallback
                0x0000000008003d34        0xc /home/nahomts/Desktop/DaisyExamples/libDaisy/build/libdaisy.a(usbd_conf.o)
                0x0000000008003d34                HAL_PCD_SetupStageCallback
 .text.HAL_PCD_DataOutStageCallback
                0x0000000008003d40       0x14 /home/nahomts/Desktop/DaisyExamples/libDaisy/build/libdaisy.a(usbd_conf.o)
                0x0000000008003d40                HAL_PCD_DataOutStageCallback
 .text.HAL_PCD_DataInStageCallback
                0x0000000008003d54       0x14 /home/nahomts/Desktop/DaisyExamples/libDaisy/build/libdaisy.a(usbd_conf.o)
                0x0000000008003d54                HAL_PCD_DataInStageCallback
 .text.HAL_PCD_SOFCallback
                0x0000000008003d68        0x8 /home/nahomts/Desktop/DaisyExamples/libDaisy/build/libdaisy.a(usbd_conf.o)
                0x0000000008003d68                HAL_PCD_SOFCallback
 .text.HAL_PCD_ResetCallback
                0x0000000008003d70       0x24 /home/nahomts/Desktop/DaisyExamples/libDaisy/build/libdaisy.a(usbd_conf.o)
                0x0000000008003d70                HAL_PCD_ResetCallback
 .text.HAL_PCD_SuspendCallback
                0x0000000008003d94       0x30 /home/nahomts/Desktop/DaisyExamples/libDaisy/build/libdaisy.a(usbd_conf.o)
                0x0000000008003d94                HAL_PCD_SuspendCallback
 .text.HAL_PCD_ResumeCallback
                0x0000000008003dc4        0x8 /home/nahomts/Desktop/DaisyExamples/libDaisy/build/libdaisy.a(usbd_conf.o)
                0x0000000008003dc4                HAL_PCD_ResumeCallback
 .text.HAL_PCD_ISOOUTIncompleteCallback
                0x0000000008003dcc        0x8 /home/nahomts/Desktop/DaisyExamples/libDaisy/build/libdaisy.a(usbd_conf.o)
                0x0000000008003dcc                HAL_PCD_ISOOUTIncompleteCallback
 .text.HAL_PCD_ISOINIncompleteCallback
                0x0000000008003dd4        0x8 /home/nahomts/Desktop/DaisyExamples/libDaisy/build/libdaisy.a(usbd_conf.o)
                0x0000000008003dd4                HAL_PCD_ISOINIncompleteCallback
 .text.HAL_PCD_ConnectCallback
                0x0000000008003ddc        0x8 /home/nahomts/Desktop/DaisyExamples/libDaisy/build/libdaisy.a(usbd_conf.o)
                0x0000000008003ddc                HAL_PCD_ConnectCallback
 .text.HAL_PCD_DisconnectCallback
                0x0000000008003de4        0x8 /home/nahomts/Desktop/DaisyExamples/libDaisy/build/libdaisy.a(usbd_conf.o)
                0x0000000008003de4                HAL_PCD_DisconnectCallback
 .text.USBD_LL_OpenEP
                0x0000000008003dec       0x24 /home/nahomts/Desktop/DaisyExamples/libDaisy/build/libdaisy.a(usbd_conf.o)
                0x0000000008003dec                USBD_LL_OpenEP
 .text.USBD_LL_StallEP
                0x0000000008003e10       0x1c /home/nahomts/Desktop/DaisyExamples/libDaisy/build/libdaisy.a(usbd_conf.o)
                0x0000000008003e10                USBD_LL_StallEP
 .text.USBD_LL_ClearStallEP
                0x0000000008003e2c       0x1c /home/nahomts/Desktop/DaisyExamples/libDaisy/build/libdaisy.a(usbd_conf.o)
                0x0000000008003e2c                USBD_LL_ClearStallEP
 .text.USBD_LL_IsStallEP
                0x0000000008003e48       0x28 /home/nahomts/Desktop/DaisyExamples/libDaisy/build/libdaisy.a(usbd_conf.o)
                0x0000000008003e48                USBD_LL_IsStallEP
 .text.USBD_LL_SetUSBAddress
                0x0000000008003e70       0x1c /home/nahomts/Desktop/DaisyExamples/libDaisy/build/libdaisy.a(usbd_conf.o)
                0x0000000008003e70                USBD_LL_SetUSBAddress
 .text.USBD_LL_Transmit
                0x0000000008003e8c       0x1c /home/nahomts/Desktop/DaisyExamples/libDaisy/build/libdaisy.a(usbd_conf.o)
                0x0000000008003e8c                USBD_LL_Transmit
 .text.USBD_LL_PrepareReceive
                0x0000000008003ea8       0x1c /home/nahomts/Desktop/DaisyExamples/libDaisy/build/libdaisy.a(usbd_conf.o)
                0x0000000008003ea8                USBD_LL_PrepareReceive
 .text.HAL_HCD_SOF_Callback
                0x0000000008003ec4        0x8 /home/nahomts/Desktop/DaisyExamples/libDaisy/build/libdaisy.a(usbh_conf.o)
                0x0000000008003ec4                HAL_HCD_SOF_Callback
 .text.HAL_HCD_Connect_Callback
                0x0000000008003ecc        0x8 /home/nahomts/Desktop/DaisyExamples/libDaisy/build/libdaisy.a(usbh_conf.o)
                0x0000000008003ecc                HAL_HCD_Connect_Callback
 .text.HAL_HCD_Disconnect_Callback
                0x0000000008003ed4        0x8 /home/nahomts/Desktop/DaisyExamples/libDaisy/build/libdaisy.a(usbh_conf.o)
                0x0000000008003ed4                HAL_HCD_Disconnect_Callback
 .text.HAL_HCD_HC_NotifyURBChange_Callback
                0x0000000008003edc        0x4 /home/nahomts/Desktop/DaisyExamples/libDaisy/build/libdaisy.a(usbh_conf.o)
                0x0000000008003edc                HAL_HCD_HC_NotifyURBChange_Callback
 .text.HAL_HCD_PortEnabled_Callback
                0x0000000008003ee0        0x8 /home/nahomts/Desktop/DaisyExamples/libDaisy/build/libdaisy.a(usbh_conf.o)
                0x0000000008003ee0                HAL_HCD_PortEnabled_Callback
 .text.HAL_HCD_PortDisabled_Callback
                0x0000000008003ee8        0x8 /home/nahomts/Desktop/DaisyExamples/libDaisy/build/libdaisy.a(usbh_conf.o)
                0x0000000008003ee8                HAL_HCD_PortDisabled_Callback
 .text.USBH_LL_Stop
                0x0000000008003ef0       0x1c /home/nahomts/Desktop/DaisyExamples/libDaisy/build/libdaisy.a(usbh_conf.o)
                0x0000000008003ef0                USBH_LL_Stop
 .text.dsy_hal_map_get_port
                0x0000000008003f0c       0x10 /home/nahomts/Desktop/DaisyExamples/libDaisy/build/libdaisy.a(hal_map.o)
                0x0000000008003f0c                dsy_hal_map_get_port
 .text.dsy_hal_map_get_pin
                0x0000000008003f1c       0x10 /home/nahomts/Desktop/DaisyExamples/libDaisy/build/libdaisy.a(hal_map.o)
                0x0000000008003f1c                dsy_hal_map_get_pin
 .text.dsy_hal_map_gpio_clk_enable
                0x0000000008003f2c      0x150 /home/nahomts/Desktop/DaisyExamples/libDaisy/build/libdaisy.a(hal_map.o)
                0x0000000008003f2c                dsy_hal_map_gpio_clk_enable
 .text.HAL_MspInit
                0x000000000800407c        0x4 /home/nahomts/Desktop/DaisyExamples/libDaisy/build/libdaisy.a(stm32h7xx_hal.o)
                0x000000000800407c                HAL_MspInit
 .text.HAL_InitTick
                0x0000000008004080       0x4c /home/nahomts/Desktop/DaisyExamples/libDaisy/build/libdaisy.a(stm32h7xx_hal.o)
                0x0000000008004080                HAL_InitTick
 .text.HAL_Init
                0x00000000080040cc       0x60 /home/nahomts/Desktop/DaisyExamples/libDaisy/build/libdaisy.a(stm32h7xx_hal.o)
                0x00000000080040cc                HAL_Init
 .text.HAL_IncTick
                0x000000000800412c       0x18 /home/nahomts/Desktop/DaisyExamples/libDaisy/build/libdaisy.a(stm32h7xx_hal.o)
                0x000000000800412c                HAL_IncTick
 .text.HAL_GetTick
                0x0000000008004144        0xc /home/nahomts/Desktop/DaisyExamples/libDaisy/build/libdaisy.a(stm32h7xx_hal.o)
                0x0000000008004144                HAL_GetTick
 .text.HAL_Delay
                0x0000000008004150       0x24 /home/nahomts/Desktop/DaisyExamples/libDaisy/build/libdaisy.a(stm32h7xx_hal.o)
                0x0000000008004150                HAL_Delay
 .text.HAL_GetREVID
                0x0000000008004174        0xc /home/nahomts/Desktop/DaisyExamples/libDaisy/build/libdaisy.a(stm32h7xx_hal.o)
                0x0000000008004174                HAL_GetREVID
 .text.HAL_NVIC_SetPriorityGrouping
                0x0000000008004180       0x24 /home/nahomts/Desktop/DaisyExamples/libDaisy/build/libdaisy.a(stm32h7xx_hal_cortex.o)
                0x0000000008004180                HAL_NVIC_SetPriorityGrouping
 .text.HAL_NVIC_SetPriority
                0x00000000080041a4       0x7c /home/nahomts/Desktop/DaisyExamples/libDaisy/build/libdaisy.a(stm32h7xx_hal_cortex.o)
                0x00000000080041a4                HAL_NVIC_SetPriority
 .text.HAL_NVIC_EnableIRQ
                0x0000000008004220       0x1c /home/nahomts/Desktop/DaisyExamples/libDaisy/build/libdaisy.a(stm32h7xx_hal_cortex.o)
                0x0000000008004220                HAL_NVIC_EnableIRQ
 .text.HAL_NVIC_DisableIRQ
                0x000000000800423c       0x28 /home/nahomts/Desktop/DaisyExamples/libDaisy/build/libdaisy.a(stm32h7xx_hal_cortex.o)
                0x000000000800423c                HAL_NVIC_DisableIRQ
 .text.HAL_SYSTICK_Config
                0x0000000008004264       0x2c /home/nahomts/Desktop/DaisyExamples/libDaisy/build/libdaisy.a(stm32h7xx_hal_cortex.o)
                0x0000000008004264                HAL_SYSTICK_Config
 .text.HAL_MPU_Disable
                0x0000000008004290       0x1c /home/nahomts/Desktop/DaisyExamples/libDaisy/build/libdaisy.a(stm32h7xx_hal_cortex.o)
                0x0000000008004290                HAL_MPU_Disable
 .text.HAL_MPU_Enable
                0x00000000080042ac       0x20 /home/nahomts/Desktop/DaisyExamples/libDaisy/build/libdaisy.a(stm32h7xx_hal_cortex.o)
                0x00000000080042ac                HAL_MPU_Enable
 .text.HAL_MPU_ConfigRegion
                0x00000000080042cc       0x64 /home/nahomts/Desktop/DaisyExamples/libDaisy/build/libdaisy.a(stm32h7xx_hal_cortex.o)
                0x00000000080042cc                HAL_MPU_ConfigRegion
 .text.HAL_SYSTICK_Callback
                0x0000000008004330        0x4 /home/nahomts/Desktop/DaisyExamples/libDaisy/build/libdaisy.a(stm32h7xx_hal_cortex.o)
                0x0000000008004330                HAL_SYSTICK_Callback
 .text.HAL_SYSTICK_IRQHandler
                0x0000000008004334        0x8 /home/nahomts/Desktop/DaisyExamples/libDaisy/build/libdaisy.a(stm32h7xx_hal_cortex.o)
                0x0000000008004334                HAL_SYSTICK_IRQHandler
 .text.DMA_CalcBaseAndBitshift
                0x000000000800433c       0xf4 /home/nahomts/Desktop/DaisyExamples/libDaisy/build/libdaisy.a(stm32h7xx_hal_dma.o)
 .text.DMA_CalcDMAMUXChannelBaseAndMask
                0x0000000008004430       0xd8 /home/nahomts/Desktop/DaisyExamples/libDaisy/build/libdaisy.a(stm32h7xx_hal_dma.o)
 .text.HAL_DMA_Init
                0x0000000008004508      0x37c /home/nahomts/Desktop/DaisyExamples/libDaisy/build/libdaisy.a(stm32h7xx_hal_dma.o)
                0x0000000008004508                HAL_DMA_Init
 .text.HAL_DMA_Start_IT
                0x0000000008004884      0x240 /home/nahomts/Desktop/DaisyExamples/libDaisy/build/libdaisy.a(stm32h7xx_hal_dma.o)
                0x0000000008004884                HAL_DMA_Start_IT
 .text.HAL_DMA_Abort_IT
                0x0000000008004ac4      0x134 /home/nahomts/Desktop/DaisyExamples/libDaisy/build/libdaisy.a(stm32h7xx_hal_dma.o)
                0x0000000008004ac4                HAL_DMA_Abort_IT
 .text.HAL_DMA_IRQHandler
                0x0000000008004bf8      0x6a0 /home/nahomts/Desktop/DaisyExamples/libDaisy/build/libdaisy.a(stm32h7xx_hal_dma.o)
                0x0000000008004bf8                HAL_DMA_IRQHandler
 .text.HAL_DMA_GetError
                0x0000000008005298        0x4 /home/nahomts/Desktop/DaisyExamples/libDaisy/build/libdaisy.a(stm32h7xx_hal_dma.o)
                0x0000000008005298                HAL_DMA_GetError
 .text.HAL_GPIO_Init
                0x000000000800529c      0x280 /home/nahomts/Desktop/DaisyExamples/libDaisy/build/libdaisy.a(stm32h7xx_hal_gpio.o)
                0x000000000800529c                HAL_GPIO_Init
 .text.HAL_GPIO_DeInit
                0x000000000800551c      0x190 /home/nahomts/Desktop/DaisyExamples/libDaisy/build/libdaisy.a(stm32h7xx_hal_gpio.o)
                0x000000000800551c                HAL_GPIO_DeInit
 .text.HAL_GPIO_ReadPin
                0x00000000080056ac        0xc /home/nahomts/Desktop/DaisyExamples/libDaisy/build/libdaisy.a(stm32h7xx_hal_gpio.o)
                0x00000000080056ac                HAL_GPIO_ReadPin
 .text.HAL_GPIO_WritePin
                0x00000000080056b8        0x8 /home/nahomts/Desktop/DaisyExamples/libDaisy/build/libdaisy.a(stm32h7xx_hal_gpio.o)
                0x00000000080056b8                HAL_GPIO_WritePin
 .text.HAL_HCD_IRQHandler
                0x00000000080056c0      0x780 /home/nahomts/Desktop/DaisyExamples/libDaisy/build/libdaisy.a(stm32h7xx_hal_hcd.o)
                0x00000000080056c0                HAL_HCD_IRQHandler
 .text.HAL_HCD_Stop
                0x0000000008005e40       0x28 /home/nahomts/Desktop/DaisyExamples/libDaisy/build/libdaisy.a(stm32h7xx_hal_hcd.o)
                0x0000000008005e40                HAL_HCD_Stop
 .text.I2C_WaitOnRXNEFlagUntilTimeout
                0x0000000008005e68      0x100 /home/nahomts/Desktop/DaisyExamples/libDaisy/build/libdaisy.a(stm32h7xx_hal_i2c.o)
 .text.I2C_WaitOnTXISFlagUntilTimeout
                0x0000000008005f68       0xb8 /home/nahomts/Desktop/DaisyExamples/libDaisy/build/libdaisy.a(stm32h7xx_hal_i2c.o)
 .text.I2C_WaitOnSTOPFlagUntilTimeout
                0x0000000008006020       0xac /home/nahomts/Desktop/DaisyExamples/libDaisy/build/libdaisy.a(stm32h7xx_hal_i2c.o)
 .text.HAL_I2C_Init
                0x00000000080060cc       0xac /home/nahomts/Desktop/DaisyExamples/libDaisy/build/libdaisy.a(stm32h7xx_hal_i2c.o)
                0x00000000080060cc                HAL_I2C_Init
 .text.HAL_I2C_Master_Transmit
                0x0000000008006178      0x1a8 /home/nahomts/Desktop/DaisyExamples/libDaisy/build/libdaisy.a(stm32h7xx_hal_i2c.o)
                0x0000000008006178                HAL_I2C_Master_Transmit
 .text.HAL_I2C_Master_Receive
                0x0000000008006320      0x1ac /home/nahomts/Desktop/DaisyExamples/libDaisy/build/libdaisy.a(stm32h7xx_hal_i2c.o)
                0x0000000008006320                HAL_I2C_Master_Receive
 .text.HAL_I2C_Slave_Transmit
                0x00000000080064cc      0x1c8 /home/nahomts/Desktop/DaisyExamples/libDaisy/build/libdaisy.a(stm32h7xx_hal_i2c.o)
                0x00000000080064cc                HAL_I2C_Slave_Transmit
 .text.HAL_I2C_Slave_Receive
                0x0000000008006694      0x1a4 /home/nahomts/Desktop/DaisyExamples/libDaisy/build/libdaisy.a(stm32h7xx_hal_i2c.o)
                0x0000000008006694                HAL_I2C_Slave_Receive
 .text.HAL_I2C_EV_IRQHandler
                0x0000000008006838       0x10 /home/nahomts/Desktop/DaisyExamples/libDaisy/build/libdaisy.a(stm32h7xx_hal_i2c.o)
                0x0000000008006838                HAL_I2C_EV_IRQHandler
 .text.HAL_I2C_GetState
                0x0000000008006848        0x8 /home/nahomts/Desktop/DaisyExamples/libDaisy/build/libdaisy.a(stm32h7xx_hal_i2c.o)
                0x0000000008006848                HAL_I2C_GetState
 .text.HAL_I2CEx_ConfigAnalogFilter
                0x0000000008006850       0x54 /home/nahomts/Desktop/DaisyExamples/libDaisy/build/libdaisy.a(stm32h7xx_hal_i2c_ex.o)
                0x0000000008006850                HAL_I2CEx_ConfigAnalogFilter
 .text.HAL_I2CEx_ConfigDigitalFilter
                0x00000000080068a4       0x58 /home/nahomts/Desktop/DaisyExamples/libDaisy/build/libdaisy.a(stm32h7xx_hal_i2c_ex.o)
                0x00000000080068a4                HAL_I2CEx_ConfigDigitalFilter
 .text.HAL_PCD_IRQHandler
                0x00000000080068fc      0x69c /home/nahomts/Desktop/DaisyExamples/libDaisy/build/libdaisy.a(stm32h7xx_hal_pcd.o)
                0x00000000080068fc                HAL_PCD_IRQHandler
 .text.HAL_PCD_SetAddress
                0x0000000008006f98       0x2c /home/nahomts/Desktop/DaisyExamples/libDaisy/build/libdaisy.a(stm32h7xx_hal_pcd.o)
                0x0000000008006f98                HAL_PCD_SetAddress
 .text.HAL_PCD_EP_Open
                0x0000000008006fc4       0x7c /home/nahomts/Desktop/DaisyExamples/libDaisy/build/libdaisy.a(stm32h7xx_hal_pcd.o)
                0x0000000008006fc4                HAL_PCD_EP_Open
 .text.HAL_PCD_EP_Receive
                0x0000000008007040       0x50 /home/nahomts/Desktop/DaisyExamples/libDaisy/build/libdaisy.a(stm32h7xx_hal_pcd.o)
                0x0000000008007040                HAL_PCD_EP_Receive
 .text.HAL_PCD_EP_Transmit
                0x0000000008007090       0x50 /home/nahomts/Desktop/DaisyExamples/libDaisy/build/libdaisy.a(stm32h7xx_hal_pcd.o)
                0x0000000008007090                HAL_PCD_EP_Transmit
 .text.HAL_PCD_EP_SetStall
                0x00000000080070e0       0x88 /home/nahomts/Desktop/DaisyExamples/libDaisy/build/libdaisy.a(stm32h7xx_hal_pcd.o)
                0x00000000080070e0                HAL_PCD_EP_SetStall
 .text.HAL_PCD_EP_ClrStall
                0x0000000008007168       0x78 /home/nahomts/Desktop/DaisyExamples/libDaisy/build/libdaisy.a(stm32h7xx_hal_pcd.o)
                0x0000000008007168                HAL_PCD_EP_ClrStall
 .text.HAL_PCDEx_LPM_Callback
                0x00000000080071e0        0x4 /home/nahomts/Desktop/DaisyExamples/libDaisy/build/libdaisy.a(stm32h7xx_hal_pcd_ex.o)
                0x00000000080071e0                HAL_PCDEx_LPM_Callback
 .text.HAL_PWREx_ConfigSupply
                0x00000000080071e4       0x4c /home/nahomts/Desktop/DaisyExamples/libDaisy/build/libdaisy.a(stm32h7xx_hal_pwr_ex.o)
                0x00000000080071e4                HAL_PWREx_ConfigSupply
 .text.HAL_PWREx_EnableUSBVoltageDetector
                0x0000000008007230       0x10 /home/nahomts/Desktop/DaisyExamples/libDaisy/build/libdaisy.a(stm32h7xx_hal_pwr_ex.o)
                0x0000000008007230                HAL_PWREx_EnableUSBVoltageDetector
 .text.QSPI_Config
                0x0000000008007240      0x174 /home/nahomts/Desktop/DaisyExamples/libDaisy/build/libdaisy.a(stm32h7xx_hal_qspi.o)
 .text.HAL_QSPI_Init
                0x00000000080073b4       0xd8 /home/nahomts/Desktop/DaisyExamples/libDaisy/build/libdaisy.a(stm32h7xx_hal_qspi.o)
                0x00000000080073b4                HAL_QSPI_Init
 .text.HAL_QSPI_DeInit
                0x000000000800748c       0x3c /home/nahomts/Desktop/DaisyExamples/libDaisy/build/libdaisy.a(stm32h7xx_hal_qspi.o)
                0x000000000800748c                HAL_QSPI_DeInit
 .text.HAL_QSPI_Command
                0x00000000080074c8       0xd4 /home/nahomts/Desktop/DaisyExamples/libDaisy/build/libdaisy.a(stm32h7xx_hal_qspi.o)
                0x00000000080074c8                HAL_QSPI_Command
 .text.HAL_QSPI_Transmit
                0x000000000800759c       0xfc /home/nahomts/Desktop/DaisyExamples/libDaisy/build/libdaisy.a(stm32h7xx_hal_qspi.o)
                0x000000000800759c                HAL_QSPI_Transmit
 .text.HAL_QSPI_Receive
                0x0000000008007698      0x108 /home/nahomts/Desktop/DaisyExamples/libDaisy/build/libdaisy.a(stm32h7xx_hal_qspi.o)
                0x0000000008007698                HAL_QSPI_Receive
 .text.HAL_QSPI_AutoPolling
                0x00000000080077a0       0xf0 /home/nahomts/Desktop/DaisyExamples/libDaisy/build/libdaisy.a(stm32h7xx_hal_qspi.o)
                0x00000000080077a0                HAL_QSPI_AutoPolling
 .text.HAL_QSPI_MemoryMapped
                0x0000000008007890       0xc0 /home/nahomts/Desktop/DaisyExamples/libDaisy/build/libdaisy.a(stm32h7xx_hal_qspi.o)
                0x0000000008007890                HAL_QSPI_MemoryMapped
 .text.HAL_QSPI_ErrorCallback
                0x0000000008007950        0x4 /home/nahomts/Desktop/DaisyExamples/libDaisy/build/libdaisy.a(stm32h7xx_hal_qspi.o)
                0x0000000008007950                HAL_QSPI_ErrorCallback
 .text.QSPI_DMAAbortCplt
                0x0000000008007954       0x38 /home/nahomts/Desktop/DaisyExamples/libDaisy/build/libdaisy.a(stm32h7xx_hal_qspi.o)
 .text.HAL_QSPI_AbortCpltCallback
                0x000000000800798c        0x4 /home/nahomts/Desktop/DaisyExamples/libDaisy/build/libdaisy.a(stm32h7xx_hal_qspi.o)
                0x000000000800798c                HAL_QSPI_AbortCpltCallback
 .text.HAL_QSPI_CmdCpltCallback
                0x0000000008007990        0x4 /home/nahomts/Desktop/DaisyExamples/libDaisy/build/libdaisy.a(stm32h7xx_hal_qspi.o)
                0x0000000008007990                HAL_QSPI_CmdCpltCallback
 .text.HAL_QSPI_RxCpltCallback
                0x0000000008007994        0x4 /home/nahomts/Desktop/DaisyExamples/libDaisy/build/libdaisy.a(stm32h7xx_hal_qspi.o)
                0x0000000008007994                HAL_QSPI_RxCpltCallback
 .text.HAL_QSPI_TxCpltCallback
                0x0000000008007998        0x4 /home/nahomts/Desktop/DaisyExamples/libDaisy/build/libdaisy.a(stm32h7xx_hal_qspi.o)
                0x0000000008007998                HAL_QSPI_TxCpltCallback
 .text.HAL_QSPI_FifoThresholdCallback
                0x000000000800799c        0x4 /home/nahomts/Desktop/DaisyExamples/libDaisy/build/libdaisy.a(stm32h7xx_hal_qspi.o)
                0x000000000800799c                HAL_QSPI_FifoThresholdCallback
 .text.HAL_QSPI_StatusMatchCallback
                0x00000000080079a0        0x4 /home/nahomts/Desktop/DaisyExamples/libDaisy/build/libdaisy.a(stm32h7xx_hal_qspi.o)
                0x00000000080079a0                HAL_QSPI_StatusMatchCallback
 .text.HAL_QSPI_TimeOutCallback
                0x00000000080079a4        0x4 /home/nahomts/Desktop/DaisyExamples/libDaisy/build/libdaisy.a(stm32h7xx_hal_qspi.o)
                0x00000000080079a4                HAL_QSPI_TimeOutCallback
 .text.HAL_QSPI_IRQHandler
                0x00000000080079a8      0x210 /home/nahomts/Desktop/DaisyExamples/libDaisy/build/libdaisy.a(stm32h7xx_hal_qspi.o)
                0x00000000080079a8                HAL_QSPI_IRQHandler
 .text.HAL_RCC_OscConfig
                0x0000000008007bb8      0x51c /home/nahomts/Desktop/DaisyExamples/libDaisy/build/libdaisy.a(stm32h7xx_hal_rcc.o)
                0x0000000008007bb8                HAL_RCC_OscConfig
 .text.HAL_RCC_GetSysClockFreq
                0x00000000080080d4      0x140 /home/nahomts/Desktop/DaisyExamples/libDaisy/build/libdaisy.a(stm32h7xx_hal_rcc.o)
                0x00000000080080d4                HAL_RCC_GetSysClockFreq
 .text.HAL_RCC_ClockConfig
                0x0000000008008214      0x234 /home/nahomts/Desktop/DaisyExamples/libDaisy/build/libdaisy.a(stm32h7xx_hal_rcc.o)
                0x0000000008008214                HAL_RCC_ClockConfig
 .text.HAL_RCC_GetHCLKFreq
                0x0000000008008448       0x2c /home/nahomts/Desktop/DaisyExamples/libDaisy/build/libdaisy.a(stm32h7xx_hal_rcc.o)
                0x0000000008008448                HAL_RCC_GetHCLKFreq
 .text.HAL_RCC_GetPCLK1Freq
                0x0000000008008474       0x38 /home/nahomts/Desktop/DaisyExamples/libDaisy/build/libdaisy.a(stm32h7xx_hal_rcc.o)
                0x0000000008008474                HAL_RCC_GetPCLK1Freq
 .text.HAL_RCC_GetPCLK2Freq
                0x00000000080084ac       0x38 /home/nahomts/Desktop/DaisyExamples/libDaisy/build/libdaisy.a(stm32h7xx_hal_rcc.o)
                0x00000000080084ac                HAL_RCC_GetPCLK2Freq
 .text.RCCEx_PLL2_Config
                0x00000000080084e4       0xf4 /home/nahomts/Desktop/DaisyExamples/libDaisy/build/libdaisy.a(stm32h7xx_hal_rcc_ex.o)
 .text.RCCEx_PLL3_Config
                0x00000000080085d8       0xf4 /home/nahomts/Desktop/DaisyExamples/libDaisy/build/libdaisy.a(stm32h7xx_hal_rcc_ex.o)
 .text.HAL_RCCEx_PeriphCLKConfig
                0x00000000080086cc      0xa7c /home/nahomts/Desktop/DaisyExamples/libDaisy/build/libdaisy.a(stm32h7xx_hal_rcc_ex.o)
                0x00000000080086cc                HAL_RCCEx_PeriphCLKConfig
 .text.HAL_RCCEx_GetD3PCLK1Freq
                0x0000000008009148       0x24 /home/nahomts/Desktop/DaisyExamples/libDaisy/build/libdaisy.a(stm32h7xx_hal_rcc_ex.o)
                0x0000000008009148                HAL_RCCEx_GetD3PCLK1Freq
 .text.HAL_RCCEx_GetPLL2ClockFreq
                0x000000000800916c      0x17c /home/nahomts/Desktop/DaisyExamples/libDaisy/build/libdaisy.a(stm32h7xx_hal_rcc_ex.o)
                0x000000000800916c                HAL_RCCEx_GetPLL2ClockFreq
 .text.HAL_RCCEx_GetPLL3ClockFreq
                0x00000000080092e8      0x17c /home/nahomts/Desktop/DaisyExamples/libDaisy/build/libdaisy.a(stm32h7xx_hal_rcc_ex.o)
                0x00000000080092e8                HAL_RCCEx_GetPLL3ClockFreq
 .text.HAL_RCCEx_GetPLL1ClockFreq
                0x0000000008009464      0x17c /home/nahomts/Desktop/DaisyExamples/libDaisy/build/libdaisy.a(stm32h7xx_hal_rcc_ex.o)
                0x0000000008009464                HAL_RCCEx_GetPLL1ClockFreq
 .text.HAL_RCCEx_GetPeriphCLKFreq
                0x00000000080095e0      0x198 /home/nahomts/Desktop/DaisyExamples/libDaisy/build/libdaisy.a(stm32h7xx_hal_rcc_ex.o)
                0x00000000080095e0                HAL_RCCEx_GetPeriphCLKFreq
 .text.HAL_RCCEx_GetD1SysClockFreq
                0x0000000008009778       0x2c /home/nahomts/Desktop/DaisyExamples/libDaisy/build/libdaisy.a(stm32h7xx_hal_rcc_ex.o)
                0x0000000008009778                HAL_RCCEx_GetD1SysClockFreq
 .text.HAL_SAI_Init.part.0
                0x00000000080097a4      0x348 /home/nahomts/Desktop/DaisyExamples/libDaisy/build/libdaisy.a(stm32h7xx_hal_sai.o)
 .text.HAL_SAI_InitProtocol
                0x0000000008009aec      0x178 /home/nahomts/Desktop/DaisyExamples/libDaisy/build/libdaisy.a(stm32h7xx_hal_sai.o)
                0x0000000008009aec                HAL_SAI_InitProtocol
 .text.HAL_SAI_Transmit_DMA
                0x0000000008009c64      0x124 /home/nahomts/Desktop/DaisyExamples/libDaisy/build/libdaisy.a(stm32h7xx_hal_sai.o)
                0x0000000008009c64                HAL_SAI_Transmit_DMA
 .text.HAL_SAI_Receive_DMA
                0x0000000008009d88       0xd0 /home/nahomts/Desktop/DaisyExamples/libDaisy/build/libdaisy.a(stm32h7xx_hal_sai.o)
                0x0000000008009d88                HAL_SAI_Receive_DMA
 .text.HAL_SAI_TxCpltCallback
                0x0000000008009e58        0x4 /home/nahomts/Desktop/DaisyExamples/libDaisy/build/libdaisy.a(stm32h7xx_hal_sai.o)
                0x0000000008009e58                HAL_SAI_TxCpltCallback
 .text.SAI_DMATxCplt
                0x0000000008009e5c       0x64 /home/nahomts/Desktop/DaisyExamples/libDaisy/build/libdaisy.a(stm32h7xx_hal_sai.o)
 .text.HAL_SAI_TxHalfCpltCallback
                0x0000000008009ec0        0x4 /home/nahomts/Desktop/DaisyExamples/libDaisy/build/libdaisy.a(stm32h7xx_hal_sai.o)
                0x0000000008009ec0                HAL_SAI_TxHalfCpltCallback
 .text.SAI_DMATxHalfCplt
                0x0000000008009ec4        0xc /home/nahomts/Desktop/DaisyExamples/libDaisy/build/libdaisy.a(stm32h7xx_hal_sai.o)
 .text.SAI_DMARxCplt
                0x0000000008009ed0       0x64 /home/nahomts/Desktop/DaisyExamples/libDaisy/build/libdaisy.a(stm32h7xx_hal_sai.o)
 .text.SAI_DMARxHalfCplt
                0x0000000008009f34        0xc /home/nahomts/Desktop/DaisyExamples/libDaisy/build/libdaisy.a(stm32h7xx_hal_sai.o)
 .text.HAL_SAI_ErrorCallback
                0x0000000008009f40        0x4 /home/nahomts/Desktop/DaisyExamples/libDaisy/build/libdaisy.a(stm32h7xx_hal_sai.o)
                0x0000000008009f40                HAL_SAI_ErrorCallback
 .text.SAI_DMAError
                0x0000000008009f44       0x6c /home/nahomts/Desktop/DaisyExamples/libDaisy/build/libdaisy.a(stm32h7xx_hal_sai.o)
 .text.HAL_SDRAM_Init
                0x0000000008009fb0       0x54 /home/nahomts/Desktop/DaisyExamples/libDaisy/build/libdaisy.a(stm32h7xx_hal_sdram.o)
                0x0000000008009fb0                HAL_SDRAM_Init
 .text.HAL_SDRAM_SendCommand
                0x000000000800a004       0x40 /home/nahomts/Desktop/DaisyExamples/libDaisy/build/libdaisy.a(stm32h7xx_hal_sdram.o)
                0x000000000800a004                HAL_SDRAM_SendCommand
 .text.HAL_SDRAM_ProgramRefreshRate
                0x000000000800a044       0x30 /home/nahomts/Desktop/DaisyExamples/libDaisy/build/libdaisy.a(stm32h7xx_hal_sdram.o)
                0x000000000800a044                HAL_SDRAM_ProgramRefreshRate
 .text.FMC_SDRAM_Init
                0x000000000800a074       0x7c /home/nahomts/Desktop/DaisyExamples/libDaisy/build/libdaisy.a(stm32h7xx_ll_fmc.o)
                0x000000000800a074                FMC_SDRAM_Init
 .text.FMC_SDRAM_Timing_Init
                0x000000000800a0f0       0x98 /home/nahomts/Desktop/DaisyExamples/libDaisy/build/libdaisy.a(stm32h7xx_ll_fmc.o)
                0x000000000800a0f0                FMC_SDRAM_Timing_Init
 .text.FMC_SDRAM_SendCommand
                0x000000000800a188       0x28 /home/nahomts/Desktop/DaisyExamples/libDaisy/build/libdaisy.a(stm32h7xx_ll_fmc.o)
                0x000000000800a188                FMC_SDRAM_SendCommand
 .text.FMC_SDRAM_ProgramRefreshRate
                0x000000000800a1b0       0x1c /home/nahomts/Desktop/DaisyExamples/libDaisy/build/libdaisy.a(stm32h7xx_ll_fmc.o)
                0x000000000800a1b0                FMC_SDRAM_ProgramRefreshRate
 .text.USB_SetTurnaroundTime
                0x000000000800a1cc      0x104 /home/nahomts/Desktop/DaisyExamples/libDaisy/build/libdaisy.a(stm32h7xx_ll_usb.o)
                0x000000000800a1cc                USB_SetTurnaroundTime
 .text.USB_FlushTxFifo
                0x000000000800a2d0       0x34 /home/nahomts/Desktop/DaisyExamples/libDaisy/build/libdaisy.a(stm32h7xx_ll_usb.o)
                0x000000000800a2d0                USB_FlushTxFifo
 .text.USB_GetDevSpeed
                0x000000000800a304       0x24 /home/nahomts/Desktop/DaisyExamples/libDaisy/build/libdaisy.a(stm32h7xx_ll_usb.o)
                0x000000000800a304                USB_GetDevSpeed
 .text.USB_ActivateEndpoint
                0x000000000800a328       0x90 /home/nahomts/Desktop/DaisyExamples/libDaisy/build/libdaisy.a(stm32h7xx_ll_usb.o)
                0x000000000800a328                USB_ActivateEndpoint
 .text.USB_EPStartXfer
                0x000000000800a3b8      0x230 /home/nahomts/Desktop/DaisyExamples/libDaisy/build/libdaisy.a(stm32h7xx_ll_usb.o)
                0x000000000800a3b8                USB_EPStartXfer
 .text.USB_EP0StartXfer
                0x000000000800a5e8      0x174 /home/nahomts/Desktop/DaisyExamples/libDaisy/build/libdaisy.a(stm32h7xx_ll_usb.o)
                0x000000000800a5e8                USB_EP0StartXfer
 .text.USB_WritePacket
                0x000000000800a75c       0x2c /home/nahomts/Desktop/DaisyExamples/libDaisy/build/libdaisy.a(stm32h7xx_ll_usb.o)
                0x000000000800a75c                USB_WritePacket
 .text.USB_ReadPacket
                0x000000000800a788       0x20 /home/nahomts/Desktop/DaisyExamples/libDaisy/build/libdaisy.a(stm32h7xx_ll_usb.o)
                0x000000000800a788                USB_ReadPacket
 .text.USB_EPSetStall
                0x000000000800a7a8       0x68 /home/nahomts/Desktop/DaisyExamples/libDaisy/build/libdaisy.a(stm32h7xx_ll_usb.o)
                0x000000000800a7a8                USB_EPSetStall
 .text.USB_EPClearStall
                0x000000000800a810       0x58 /home/nahomts/Desktop/DaisyExamples/libDaisy/build/libdaisy.a(stm32h7xx_ll_usb.o)
                0x000000000800a810                USB_EPClearStall
 .text.USB_SetDevAddress
                0x000000000800a868       0x24 /home/nahomts/Desktop/DaisyExamples/libDaisy/build/libdaisy.a(stm32h7xx_ll_usb.o)
                0x000000000800a868                USB_SetDevAddress
 .text.USB_ReadInterrupts
                0x000000000800a88c       0x14 /home/nahomts/Desktop/DaisyExamples/libDaisy/build/libdaisy.a(stm32h7xx_ll_usb.o)
                0x000000000800a88c                USB_ReadInterrupts
 .text.USB_ReadDevAllOutEpInterrupt
                0x000000000800a8a0       0x1c /home/nahomts/Desktop/DaisyExamples/libDaisy/build/libdaisy.a(stm32h7xx_ll_usb.o)
                0x000000000800a8a0                USB_ReadDevAllOutEpInterrupt
 .text.USB_ReadDevAllInEpInterrupt
                0x000000000800a8bc       0x1c /home/nahomts/Desktop/DaisyExamples/libDaisy/build/libdaisy.a(stm32h7xx_ll_usb.o)
                0x000000000800a8bc                USB_ReadDevAllInEpInterrupt
 .text.USB_ReadDevOutEPInterrupt
                0x000000000800a8d8       0x1c /home/nahomts/Desktop/DaisyExamples/libDaisy/build/libdaisy.a(stm32h7xx_ll_usb.o)
                0x000000000800a8d8                USB_ReadDevOutEPInterrupt
 .text.USB_ReadDevInEPInterrupt
                0x000000000800a8f4       0x38 /home/nahomts/Desktop/DaisyExamples/libDaisy/build/libdaisy.a(stm32h7xx_ll_usb.o)
                0x000000000800a8f4                USB_ReadDevInEPInterrupt
 .text.USB_GetMode
                0x000000000800a92c        0x8 /home/nahomts/Desktop/DaisyExamples/libDaisy/build/libdaisy.a(stm32h7xx_ll_usb.o)
                0x000000000800a92c                USB_GetMode
 .text.USB_ActivateSetup
                0x000000000800a934       0x38 /home/nahomts/Desktop/DaisyExamples/libDaisy/build/libdaisy.a(stm32h7xx_ll_usb.o)
                0x000000000800a934                USB_ActivateSetup
 .text.USB_EP0_OutStart
                0x000000000800a96c       0x58 /home/nahomts/Desktop/DaisyExamples/libDaisy/build/libdaisy.a(stm32h7xx_ll_usb.o)
                0x000000000800a96c                USB_EP0_OutStart
 .text.USB_InitFSLSPClkSel
                0x000000000800a9c4       0x44 /home/nahomts/Desktop/DaisyExamples/libDaisy/build/libdaisy.a(stm32h7xx_ll_usb.o)
                0x000000000800a9c4                USB_InitFSLSPClkSel
 .text.USB_HC_ReadInterrupt
                0x000000000800aa08        0x8 /home/nahomts/Desktop/DaisyExamples/libDaisy/build/libdaisy.a(stm32h7xx_ll_usb.o)
                0x000000000800aa08                USB_HC_ReadInterrupt
 .text.USB_HC_Halt
                0x000000000800aa10       0xc0 /home/nahomts/Desktop/DaisyExamples/libDaisy/build/libdaisy.a(stm32h7xx_ll_usb.o)
                0x000000000800aa10                USB_HC_Halt
 .text.USB_StopHost
                0x000000000800aad0      0x2ec /home/nahomts/Desktop/DaisyExamples/libDaisy/build/libdaisy.a(stm32h7xx_ll_usb.o)
                0x000000000800aad0                USB_StopHost
 .text.USBD_SetClassConfig
                0x000000000800adbc       0x14 /home/nahomts/Desktop/DaisyExamples/libDaisy/build/libdaisy.a(usbd_core.o)
                0x000000000800adbc                USBD_SetClassConfig
 .text.USBD_ClrClassConfig
                0x000000000800add0       0x10 /home/nahomts/Desktop/DaisyExamples/libDaisy/build/libdaisy.a(usbd_core.o)
                0x000000000800add0                USBD_ClrClassConfig
 .text.USBD_LL_SetupStage
                0x000000000800ade0       0x5c /home/nahomts/Desktop/DaisyExamples/libDaisy/build/libdaisy.a(usbd_core.o)
                0x000000000800ade0                USBD_LL_SetupStage
 .text.USBD_LL_DataOutStage
                0x000000000800ae3c       0x7c /home/nahomts/Desktop/DaisyExamples/libDaisy/build/libdaisy.a(usbd_core.o)
                0x000000000800ae3c                USBD_LL_DataOutStage
 .text.USBD_LL_DataInStage
                0x000000000800aeb8       0xcc /home/nahomts/Desktop/DaisyExamples/libDaisy/build/libdaisy.a(usbd_core.o)
                0x000000000800aeb8                USBD_LL_DataInStage
 .text.USBD_LL_Reset
                0x000000000800af84       0x50 /home/nahomts/Desktop/DaisyExamples/libDaisy/build/libdaisy.a(usbd_core.o)
                0x000000000800af84                USBD_LL_Reset
 .text.USBD_LL_SetSpeed
                0x000000000800afd4        0x8 /home/nahomts/Desktop/DaisyExamples/libDaisy/build/libdaisy.a(usbd_core.o)
                0x000000000800afd4                USBD_LL_SetSpeed
 .text.USBD_LL_Suspend
                0x000000000800afdc       0x14 /home/nahomts/Desktop/DaisyExamples/libDaisy/build/libdaisy.a(usbd_core.o)
                0x000000000800afdc                USBD_LL_Suspend
 .text.USBD_LL_Resume
                0x000000000800aff0       0x10 /home/nahomts/Desktop/DaisyExamples/libDaisy/build/libdaisy.a(usbd_core.o)
                0x000000000800aff0                USBD_LL_Resume
 .text.USBD_LL_SOF
                0x000000000800b000       0x1c /home/nahomts/Desktop/DaisyExamples/libDaisy/build/libdaisy.a(usbd_core.o)
                0x000000000800b000                USBD_LL_SOF
 .text.USBD_LL_IsoINIncomplete
                0x000000000800b01c        0x4 /home/nahomts/Desktop/DaisyExamples/libDaisy/build/libdaisy.a(usbd_core.o)
                0x000000000800b01c                USBD_LL_IsoINIncomplete
 .text.USBD_LL_IsoOUTIncomplete
                0x000000000800b020        0x4 /home/nahomts/Desktop/DaisyExamples/libDaisy/build/libdaisy.a(usbd_core.o)
                0x000000000800b020                USBD_LL_IsoOUTIncomplete
 .text.USBD_LL_DevConnected
                0x000000000800b024        0x4 /home/nahomts/Desktop/DaisyExamples/libDaisy/build/libdaisy.a(usbd_core.o)
                0x000000000800b024                USBD_LL_DevConnected
 .text.USBD_LL_DevDisconnected
                0x000000000800b028       0x18 /home/nahomts/Desktop/DaisyExamples/libDaisy/build/libdaisy.a(usbd_core.o)
                0x000000000800b028                USBD_LL_DevDisconnected
 .text.USBD_StdDevReq
                0x000000000800b040      0x304 /home/nahomts/Desktop/DaisyExamples/libDaisy/build/libdaisy.a(usbd_ctlreq.o)
                0x000000000800b040                USBD_StdDevReq
 .text.USBD_StdItfReq
                0x000000000800b344       0x68 /home/nahomts/Desktop/DaisyExamples/libDaisy/build/libdaisy.a(usbd_ctlreq.o)
                0x000000000800b344                USBD_StdItfReq
 .text.USBD_StdEPReq
                0x000000000800b3ac      0x13c /home/nahomts/Desktop/DaisyExamples/libDaisy/build/libdaisy.a(usbd_ctlreq.o)
                0x000000000800b3ac                USBD_StdEPReq
 .text.USBD_ParseSetupRequest
                0x000000000800b4e8       0x28 /home/nahomts/Desktop/DaisyExamples/libDaisy/build/libdaisy.a(usbd_ctlreq.o)
                0x000000000800b4e8                USBD_ParseSetupRequest
 .text.USBD_CtlSendData
                0x000000000800b510       0x1c /home/nahomts/Desktop/DaisyExamples/libDaisy/build/libdaisy.a(usbd_ioreq.o)
                0x000000000800b510                USBD_CtlSendData
 .text.USBD_CtlContinueSendData
                0x000000000800b52c       0x14 /home/nahomts/Desktop/DaisyExamples/libDaisy/build/libdaisy.a(usbd_ioreq.o)
                0x000000000800b52c                USBD_CtlContinueSendData
 .text.USBD_CtlContinueRx
                0x000000000800b540       0x14 /home/nahomts/Desktop/DaisyExamples/libDaisy/build/libdaisy.a(usbd_ioreq.o)
                0x000000000800b540                USBD_CtlContinueRx
 .text.USBD_CtlSendStatus
                0x000000000800b554       0x18 /home/nahomts/Desktop/DaisyExamples/libDaisy/build/libdaisy.a(usbd_ioreq.o)
                0x000000000800b554                USBD_CtlSendStatus
 .text.USBD_CtlReceiveStatus
                0x000000000800b56c       0x18 /home/nahomts/Desktop/DaisyExamples/libDaisy/build/libdaisy.a(usbd_ioreq.o)
                0x000000000800b56c                USBD_CtlReceiveStatus
 .text.USBH_LL_IncTimer
                0x000000000800b584       0x20 /home/nahomts/Desktop/DaisyExamples/libDaisy/build/libdaisy.a(usbh_core.o)
                0x000000000800b584                USBH_LL_IncTimer
 .text.USBH_LL_PortEnabled
                0x000000000800b5a4        0x8 /home/nahomts/Desktop/DaisyExamples/libDaisy/build/libdaisy.a(usbh_core.o)
                0x000000000800b5a4                USBH_LL_PortEnabled
 .text.USBH_LL_PortDisabled
                0x000000000800b5ac        0x8 /home/nahomts/Desktop/DaisyExamples/libDaisy/build/libdaisy.a(usbh_core.o)
                0x000000000800b5ac                USBH_LL_PortDisabled
 .text.USBH_LL_Connect
                0x000000000800b5b4       0x18 /home/nahomts/Desktop/DaisyExamples/libDaisy/build/libdaisy.a(usbh_core.o)
                0x000000000800b5b4                USBH_LL_Connect
 .text.USBH_LL_Disconnect
                0x000000000800b5cc       0x2c /home/nahomts/Desktop/DaisyExamples/libDaisy/build/libdaisy.a(usbh_core.o)
                0x000000000800b5cc                USBH_LL_Disconnect
 .text.USBH_FreePipe
                0x000000000800b5f8       0x18 /home/nahomts/Desktop/DaisyExamples/libDaisy/build/libdaisy.a(usbh_pipes.o)
                0x000000000800b5f8                USBH_FreePipe
 .text._ZN5daisy6Random4InitEv
                0x000000000800b610       0x3c /home/nahomts/Desktop/DaisyExamples/libDaisy/build/libdaisy.a(rng.o)
                0x000000000800b610                daisy::Random::Init()
 .text._ZN5daisy9SpiHandle4Impl7InitDmaEv
                0x000000000800b64c       0xec /home/nahomts/Desktop/DaisyExamples/libDaisy/build/libdaisy.a(spi.o)
                0x000000000800b64c                daisy::SpiHandle::Impl::InitDma()
 .text._ZN5daisy9SpiHandle4Impl10StartDmaTxEPhjPFvPvEPFvS3_NS0_6ResultEES3_
                0x000000000800b738       0xc8 /home/nahomts/Desktop/DaisyExamples/libDaisy/build/libdaisy.a(spi.o)
                0x000000000800b738                daisy::SpiHandle::Impl::StartDmaTx(unsigned char*, unsigned int, void (*)(void*), void (*)(void*, daisy::SpiHandle::Result), void*)
 .text._ZN5daisy9SpiHandle4Impl10StartDmaRxEPhjPFvPvEPFvS3_NS0_6ResultEES3_
                0x000000000800b800       0xc8 /home/nahomts/Desktop/DaisyExamples/libDaisy/build/libdaisy.a(spi.o)
                0x000000000800b800                daisy::SpiHandle::Impl::StartDmaRx(unsigned char*, unsigned int, void (*)(void*), void (*)(void*, daisy::SpiHandle::Result), void*)
 .text._ZN5daisy9SpiHandle4Impl12StartDmaRxTxEPhS2_jPFvPvEPFvS3_NS0_6ResultEES3_
                0x000000000800b8c8       0xcc /home/nahomts/Desktop/DaisyExamples/libDaisy/build/libdaisy.a(spi.o)
                0x000000000800b8c8                daisy::SpiHandle::Impl::StartDmaRxTx(unsigned char*, unsigned char*, unsigned int, void (*)(void*), void (*)(void*, daisy::SpiHandle::Result), void*)
 .text._ZN5daisy9SpiHandle4Impl8InitPinsEv
                0x000000000800b994      0x274 /home/nahomts/Desktop/DaisyExamples/libDaisy/build/libdaisy.a(spi.o)
                0x000000000800b994                daisy::SpiHandle::Impl::InitPins()
 .text.HAL_SPI_MspInit
                0x000000000800bc08      0x1a8 /home/nahomts/Desktop/DaisyExamples/libDaisy/build/libdaisy.a(spi.o)
                0x000000000800bc08                HAL_SPI_MspInit
 .text.dsy_spi_global_init
                0x000000000800bdb0       0x80 /home/nahomts/Desktop/DaisyExamples/libDaisy/build/libdaisy.a(spi.o)
                0x000000000800bdb0                dsy_spi_global_init
 .text.SPI1_IRQHandler
                0x000000000800be30        0xc /home/nahomts/Desktop/DaisyExamples/libDaisy/build/libdaisy.a(spi.o)
                0x000000000800be30                SPI1_IRQHandler
 .text.SPI2_IRQHandler
                0x000000000800be3c        0xc /home/nahomts/Desktop/DaisyExamples/libDaisy/build/libdaisy.a(spi.o)
                0x000000000800be3c                SPI2_IRQHandler
 .text.SPI3_IRQHandler
                0x000000000800be48        0xc /home/nahomts/Desktop/DaisyExamples/libDaisy/build/libdaisy.a(spi.o)
                0x000000000800be48                SPI3_IRQHandler
 .text.SPI4_IRQHandler
                0x000000000800be54        0xc /home/nahomts/Desktop/DaisyExamples/libDaisy/build/libdaisy.a(spi.o)
                0x000000000800be54                SPI4_IRQHandler
 .text.SPI5_IRQHandler
                0x000000000800be60        0xc /home/nahomts/Desktop/DaisyExamples/libDaisy/build/libdaisy.a(spi.o)
                0x000000000800be60                SPI5_IRQHandler
 .text.DMA2_Stream2_IRQHandler
                0x000000000800be6c       0x34 /home/nahomts/Desktop/DaisyExamples/libDaisy/build/libdaisy.a(spi.o)
                0x000000000800be6c                DMA2_Stream2_IRQHandler
 .text.DMA2_Stream3_IRQHandler
                0x000000000800bea0       0x38 /home/nahomts/Desktop/DaisyExamples/libDaisy/build/libdaisy.a(spi.o)
                0x000000000800bea0                DMA2_Stream3_IRQHandler
 .text.HAL_SPI_TxCpltCallback
                0x000000000800bed8       0xc4 /home/nahomts/Desktop/DaisyExamples/libDaisy/build/libdaisy.a(spi.o)
                0x000000000800bed8                HAL_SPI_TxCpltCallback
 .text.HAL_SPI_RxCpltCallback
                0x000000000800bf9c       0xc4 /home/nahomts/Desktop/DaisyExamples/libDaisy/build/libdaisy.a(spi.o)
                0x000000000800bf9c                HAL_SPI_RxCpltCallback
 .text.HAL_SPI_TxRxCpltCallback
                0x000000000800c060       0xc4 /home/nahomts/Desktop/DaisyExamples/libDaisy/build/libdaisy.a(spi.o)
                0x000000000800c060                HAL_SPI_TxRxCpltCallback
 .text.HAL_SPI_ErrorCallback
                0x000000000800c124       0xc8 /home/nahomts/Desktop/DaisyExamples/libDaisy/build/libdaisy.a(spi.o)
                0x000000000800c124                HAL_SPI_ErrorCallback
 .text.startup._GLOBAL__sub_I__Z19MapInstanceToHandleP11SPI_TypeDef
                0x000000000800c1ec      0x1b0 /home/nahomts/Desktop/DaisyExamples/libDaisy/build/libdaisy.a(spi.o)
 .text.HAL_TIM_Base_MspInit
                0x000000000800c39c      0x1e0 /home/nahomts/Desktop/DaisyExamples/libDaisy/build/libdaisy.a(tim.o)
                0x000000000800c39c                HAL_TIM_Base_MspInit
 .text.HAL_TIM_PeriodElapsedCallback
                0x000000000800c57c       0x44 /home/nahomts/Desktop/DaisyExamples/libDaisy/build/libdaisy.a(tim.o)
                0x000000000800c57c                HAL_TIM_PeriodElapsedCallback
 .text.TIM2_IRQHandler
                0x000000000800c5c0        0xc /home/nahomts/Desktop/DaisyExamples/libDaisy/build/libdaisy.a(tim.o)
                0x000000000800c5c0                TIM2_IRQHandler
 .text.TIM3_IRQHandler
                0x000000000800c5cc        0xc /home/nahomts/Desktop/DaisyExamples/libDaisy/build/libdaisy.a(tim.o)
                0x000000000800c5cc                TIM3_IRQHandler
 .text.TIM4_IRQHandler
                0x000000000800c5d8        0xc /home/nahomts/Desktop/DaisyExamples/libDaisy/build/libdaisy.a(tim.o)
                0x000000000800c5d8                TIM4_IRQHandler
 .text.TIM5_IRQHandler
                0x000000000800c5e4        0xc /home/nahomts/Desktop/DaisyExamples/libDaisy/build/libdaisy.a(tim.o)
                0x000000000800c5e4                TIM5_IRQHandler
 .text._ZN5daisy11TimerHandle4InitERKNS0_6ConfigE
                0x000000000800c5f0       0xd0 /home/nahomts/Desktop/DaisyExamples/libDaisy/build/libdaisy.a(tim.o)
                0x000000000800c5f0                daisy::TimerHandle::Init(daisy::TimerHandle::Config const&)
 .text._ZN5daisy11TimerHandle5StartEv
                0x000000000800c6c0       0x24 /home/nahomts/Desktop/DaisyExamples/libDaisy/build/libdaisy.a(tim.o)
                0x000000000800c6c0                daisy::TimerHandle::Start()
 .text.startup._GLOBAL__sub_I__ZN5daisy11TimerHandle4Impl4InitERKNS0_6ConfigE
                0x000000000800c6e4       0x38 /home/nahomts/Desktop/DaisyExamples/libDaisy/build/libdaisy.a(tim.o)
 .text._ZL20UART_CheckRxListenerPN5daisy11UartHandler4ImplE
                0x000000000800c71c       0x84 /home/nahomts/Desktop/DaisyExamples/libDaisy/build/libdaisy.a(uart.o)
 .text._ZN5daisy11UartHandler4Impl10StartDmaTxEPhjPFvPvEPFvS3_NS0_6ResultEES3_
                0x000000000800c7a0      0x184 /home/nahomts/Desktop/DaisyExamples/libDaisy/build/libdaisy.a(uart.o)
                0x000000000800c7a0                daisy::UartHandler::Impl::StartDmaTx(unsigned char*, unsigned int, void (*)(void*), void (*)(void*, daisy::UartHandler::Result), void*)
 .text._ZN5daisy11UartHandler4Impl10StartDmaRxEPhjPFvPvEPFvS3_NS0_6ResultEES3_
                0x000000000800c924      0x184 /home/nahomts/Desktop/DaisyExamples/libDaisy/build/libdaisy.a(uart.o)
                0x000000000800c924                daisy::UartHandler::Impl::StartDmaRx(unsigned char*, unsigned int, void (*)(void*), void (*)(void*, daisy::UartHandler::Result), void*)
 .text._ZN5daisy11UartHandler4Impl19DmaTransferFinishedEP20__UART_HandleTypeDefNS0_6ResultE
                0x000000000800caa8       0xc0 /home/nahomts/Desktop/DaisyExamples/libDaisy/build/libdaisy.a(uart.o)
                0x000000000800caa8                daisy::UartHandler::Impl::DmaTransferFinished(__UART_HandleTypeDef*, daisy::UartHandler::Result)
 .text._ZN5daisy11UartHandler4Impl8InitPinsEv
                0x000000000800cb68      0x154 /home/nahomts/Desktop/DaisyExamples/libDaisy/build/libdaisy.a(uart.o)
                0x000000000800cb68                daisy::UartHandler::Impl::InitPins()
 .text.HAL_UART_MspInit
                0x000000000800ccbc      0x210 /home/nahomts/Desktop/DaisyExamples/libDaisy/build/libdaisy.a(uart.o)
                0x000000000800ccbc                HAL_UART_MspInit
 .text.dsy_uart_global_init
                0x000000000800cecc      0x110 /home/nahomts/Desktop/DaisyExamples/libDaisy/build/libdaisy.a(uart.o)
                0x000000000800cecc                dsy_uart_global_init
 .text.USART1_IRQHandler
                0x000000000800cfdc       0x2c /home/nahomts/Desktop/DaisyExamples/libDaisy/build/libdaisy.a(uart.o)
                0x000000000800cfdc                USART1_IRQHandler
 .text.USART2_IRQHandler
                0x000000000800d008       0x34 /home/nahomts/Desktop/DaisyExamples/libDaisy/build/libdaisy.a(uart.o)
                0x000000000800d008                USART2_IRQHandler
 .text.USART3_IRQHandler
                0x000000000800d03c       0x34 /home/nahomts/Desktop/DaisyExamples/libDaisy/build/libdaisy.a(uart.o)
                0x000000000800d03c                USART3_IRQHandler
 .text.UART4_IRQHandler
                0x000000000800d070       0x34 /home/nahomts/Desktop/DaisyExamples/libDaisy/build/libdaisy.a(uart.o)
                0x000000000800d070                UART4_IRQHandler
 .text.UART5_IRQHandler
                0x000000000800d0a4       0x34 /home/nahomts/Desktop/DaisyExamples/libDaisy/build/libdaisy.a(uart.o)
                0x000000000800d0a4                UART5_IRQHandler
 .text.USART6_IRQHandler
                0x000000000800d0d8       0x34 /home/nahomts/Desktop/DaisyExamples/libDaisy/build/libdaisy.a(uart.o)
                0x000000000800d0d8                USART6_IRQHandler
 .text.UART7_IRQHandler
                0x000000000800d10c       0x34 /home/nahomts/Desktop/DaisyExamples/libDaisy/build/libdaisy.a(uart.o)
                0x000000000800d10c                UART7_IRQHandler
 .text.UART8_IRQHandler
                0x000000000800d140       0x34 /home/nahomts/Desktop/DaisyExamples/libDaisy/build/libdaisy.a(uart.o)
                0x000000000800d140                UART8_IRQHandler
 .text.LPUART1_IRQHandler
                0x000000000800d174       0x34 /home/nahomts/Desktop/DaisyExamples/libDaisy/build/libdaisy.a(uart.o)
                0x000000000800d174                LPUART1_IRQHandler
 .text.DMA1_Stream5_IRQHandler
                0x000000000800d1a8       0x34 /home/nahomts/Desktop/DaisyExamples/libDaisy/build/libdaisy.a(uart.o)
                0x000000000800d1a8                DMA1_Stream5_IRQHandler
 .text.DMA2_Stream4_IRQHandler
                0x000000000800d1dc       0x38 /home/nahomts/Desktop/DaisyExamples/libDaisy/build/libdaisy.a(uart.o)
                0x000000000800d1dc                DMA2_Stream4_IRQHandler
 .text.HAL_UART_TxCpltCallback
                0x000000000800d214        0x8 /home/nahomts/Desktop/DaisyExamples/libDaisy/build/libdaisy.a(uart.o)
                0x000000000800d214                HAL_UART_TxCpltCallback
 .text.HAL_UART_RxCpltCallback
                0x000000000800d21c       0x94 /home/nahomts/Desktop/DaisyExamples/libDaisy/build/libdaisy.a(uart.o)
                0x000000000800d21c                HAL_UART_RxCpltCallback
 .text.HAL_UART_RxHalfCpltCallback
                0x000000000800d2b0       0x90 /home/nahomts/Desktop/DaisyExamples/libDaisy/build/libdaisy.a(uart.o)
                0x000000000800d2b0                HAL_UART_RxHalfCpltCallback
 .text.HAL_UART_ErrorCallback
                0x000000000800d340        0x8 /home/nahomts/Desktop/DaisyExamples/libDaisy/build/libdaisy.a(uart.o)
                0x000000000800d340                HAL_UART_ErrorCallback
 .text.startup._GLOBAL__sub_I__Z19MapInstanceToHandleP13USART_TypeDef
                0x000000000800d348      0x194 /home/nahomts/Desktop/DaisyExamples/libDaisy/build/libdaisy.a(uart.o)
 .text.dsy_dma_init
                0x000000000800d4dc      0x100 /home/nahomts/Desktop/DaisyExamples/libDaisy/build/libdaisy.a(dma.o)
                0x000000000800d4dc                dsy_dma_init
 .text.dsy_dma_invalidate_cache_for_buffer
                0x000000000800d5dc       0x2c /home/nahomts/Desktop/DaisyExamples/libDaisy/build/libdaisy.a(dma.o)
                0x000000000800d5dc                dsy_dma_invalidate_cache_for_buffer
 .text.HAL_MDMA_Abort_IT
                0x000000000800d608       0x2c /home/nahomts/Desktop/DaisyExamples/libDaisy/build/libdaisy.a(stm32h7xx_hal_mdma.o)
                0x000000000800d608                HAL_MDMA_Abort_IT
 .text.SPI_CloseTransfer
                0x000000000800d634       0xb8 /home/nahomts/Desktop/DaisyExamples/libDaisy/build/libdaisy.a(stm32h7xx_hal_spi.o)
 .text.HAL_SPI_Init
                0x000000000800d6ec      0x15c /home/nahomts/Desktop/DaisyExamples/libDaisy/build/libdaisy.a(stm32h7xx_hal_spi.o)
                0x000000000800d6ec                HAL_SPI_Init
 .text.HAL_SPI_Transmit_DMA
                0x000000000800d848      0x170 /home/nahomts/Desktop/DaisyExamples/libDaisy/build/libdaisy.a(stm32h7xx_hal_spi.o)
                0x000000000800d848                HAL_SPI_Transmit_DMA
 .text.HAL_SPI_TransmitReceive_DMA
                0x000000000800d9b8      0x218 /home/nahomts/Desktop/DaisyExamples/libDaisy/build/libdaisy.a(stm32h7xx_hal_spi.o)
                0x000000000800d9b8                HAL_SPI_TransmitReceive_DMA
 .text.HAL_SPI_Receive_DMA
                0x000000000800dbd0      0x1b4 /home/nahomts/Desktop/DaisyExamples/libDaisy/build/libdaisy.a(stm32h7xx_hal_spi.o)
                0x000000000800dbd0                HAL_SPI_Receive_DMA
 .text.SPI_DMATransmitCplt
                0x000000000800dd84       0x28 /home/nahomts/Desktop/DaisyExamples/libDaisy/build/libdaisy.a(stm32h7xx_hal_spi.o)
 .text.SPI_DMAReceiveCplt
                0x000000000800ddac       0x28 /home/nahomts/Desktop/DaisyExamples/libDaisy/build/libdaisy.a(stm32h7xx_hal_spi.o)
 .text.SPI_DMATransmitReceiveCplt
                0x000000000800ddd4       0x28 /home/nahomts/Desktop/DaisyExamples/libDaisy/build/libdaisy.a(stm32h7xx_hal_spi.o)
 .text.HAL_SPI_TxHalfCpltCallback
                0x000000000800ddfc        0x4 /home/nahomts/Desktop/DaisyExamples/libDaisy/build/libdaisy.a(stm32h7xx_hal_spi.o)
                0x000000000800ddfc                HAL_SPI_TxHalfCpltCallback
 .text.SPI_DMAHalfTransmitCplt
                0x000000000800de00        0xc /home/nahomts/Desktop/DaisyExamples/libDaisy/build/libdaisy.a(stm32h7xx_hal_spi.o)
 .text.HAL_SPI_RxHalfCpltCallback
                0x000000000800de0c        0x4 /home/nahomts/Desktop/DaisyExamples/libDaisy/build/libdaisy.a(stm32h7xx_hal_spi.o)
                0x000000000800de0c                HAL_SPI_RxHalfCpltCallback
 .text.SPI_DMAHalfReceiveCplt
                0x000000000800de10        0xc /home/nahomts/Desktop/DaisyExamples/libDaisy/build/libdaisy.a(stm32h7xx_hal_spi.o)
 .text.HAL_SPI_TxRxHalfCpltCallback
                0x000000000800de1c        0x4 /home/nahomts/Desktop/DaisyExamples/libDaisy/build/libdaisy.a(stm32h7xx_hal_spi.o)
                0x000000000800de1c                HAL_SPI_TxRxHalfCpltCallback
 .text.SPI_DMAHalfTransmitReceiveCplt
                0x000000000800de20        0xc /home/nahomts/Desktop/DaisyExamples/libDaisy/build/libdaisy.a(stm32h7xx_hal_spi.o)
 .text.SPI_DMAError
                0x000000000800de2c       0xd8 /home/nahomts/Desktop/DaisyExamples/libDaisy/build/libdaisy.a(stm32h7xx_hal_spi.o)
 .text.HAL_SPI_IRQHandler
                0x000000000800df04      0x23c /home/nahomts/Desktop/DaisyExamples/libDaisy/build/libdaisy.a(stm32h7xx_hal_spi.o)
                0x000000000800df04                HAL_SPI_IRQHandler
 .text.SPI_DMAAbortOnError
                0x000000000800e140       0x1c /home/nahomts/Desktop/DaisyExamples/libDaisy/build/libdaisy.a(stm32h7xx_hal_spi.o)
 .text.HAL_SPI_GetState
                0x000000000800e15c        0x8 /home/nahomts/Desktop/DaisyExamples/libDaisy/build/libdaisy.a(stm32h7xx_hal_spi.o)
                0x000000000800e15c                HAL_SPI_GetState
 .text.HAL_TIM_Base_Init
                0x000000000800e164      0x140 /home/nahomts/Desktop/DaisyExamples/libDaisy/build/libdaisy.a(stm32h7xx_hal_tim.o)
                0x000000000800e164                HAL_TIM_Base_Init
 .text.HAL_TIM_Base_Start
                0x000000000800e2a4       0x34 /home/nahomts/Desktop/DaisyExamples/libDaisy/build/libdaisy.a(stm32h7xx_hal_tim.o)
                0x000000000800e2a4                HAL_TIM_Base_Start
 .text.HAL_TIM_Base_Start_IT
                0x000000000800e2d8       0x2c /home/nahomts/Desktop/DaisyExamples/libDaisy/build/libdaisy.a(stm32h7xx_hal_tim.o)
                0x000000000800e2d8                HAL_TIM_Base_Start_IT
 .text.HAL_TIM_ConfigClockSource
                0x000000000800e304      0x17c /home/nahomts/Desktop/DaisyExamples/libDaisy/build/libdaisy.a(stm32h7xx_hal_tim.o)
                0x000000000800e304                HAL_TIM_ConfigClockSource
 .text.HAL_TIM_OC_DelayElapsedCallback
                0x000000000800e480        0x4 /home/nahomts/Desktop/DaisyExamples/libDaisy/build/libdaisy.a(stm32h7xx_hal_tim.o)
                0x000000000800e480                HAL_TIM_OC_DelayElapsedCallback
 .text.HAL_TIM_IC_CaptureCallback
                0x000000000800e484        0x4 /home/nahomts/Desktop/DaisyExamples/libDaisy/build/libdaisy.a(stm32h7xx_hal_tim.o)
                0x000000000800e484                HAL_TIM_IC_CaptureCallback
 .text.HAL_TIM_PWM_PulseFinishedCallback
                0x000000000800e488        0x4 /home/nahomts/Desktop/DaisyExamples/libDaisy/build/libdaisy.a(stm32h7xx_hal_tim.o)
                0x000000000800e488                HAL_TIM_PWM_PulseFinishedCallback
 .text.HAL_TIM_TriggerCallback
                0x000000000800e48c        0x4 /home/nahomts/Desktop/DaisyExamples/libDaisy/build/libdaisy.a(stm32h7xx_hal_tim.o)
                0x000000000800e48c                HAL_TIM_TriggerCallback
 .text.HAL_TIM_IRQHandler
                0x000000000800e490      0x170 /home/nahomts/Desktop/DaisyExamples/libDaisy/build/libdaisy.a(stm32h7xx_hal_tim.o)
                0x000000000800e490                HAL_TIM_IRQHandler
 .text.HAL_TIMEx_MasterConfigSynchronization
                0x000000000800e600       0x64 /home/nahomts/Desktop/DaisyExamples/libDaisy/build/libdaisy.a(stm32h7xx_hal_tim_ex.o)
                0x000000000800e600                HAL_TIMEx_MasterConfigSynchronization
 .text.HAL_TIMEx_CommutCallback
                0x000000000800e664        0x4 /home/nahomts/Desktop/DaisyExamples/libDaisy/build/libdaisy.a(stm32h7xx_hal_tim_ex.o)
                0x000000000800e664                HAL_TIMEx_CommutCallback
 .text.HAL_TIMEx_BreakCallback
                0x000000000800e668        0x4 /home/nahomts/Desktop/DaisyExamples/libDaisy/build/libdaisy.a(stm32h7xx_hal_tim_ex.o)
                0x000000000800e668                HAL_TIMEx_BreakCallback
 .text.HAL_TIMEx_Break2Callback
                0x000000000800e66c        0x4 /home/nahomts/Desktop/DaisyExamples/libDaisy/build/libdaisy.a(stm32h7xx_hal_tim_ex.o)
                0x000000000800e66c                HAL_TIMEx_Break2Callback
 .text.HAL_UART_Transmit_DMA
                0x000000000800e670       0xa4 /home/nahomts/Desktop/DaisyExamples/libDaisy/build/libdaisy.a(stm32h7xx_hal_uart.o)
                0x000000000800e670                HAL_UART_Transmit_DMA
 .text.HAL_UART_Receive_DMA
                0x000000000800e714       0xac /home/nahomts/Desktop/DaisyExamples/libDaisy/build/libdaisy.a(stm32h7xx_hal_uart.o)
                0x000000000800e714                HAL_UART_Receive_DMA
 .text.UART_DMATransmitCplt
                0x000000000800e7c0       0x2c /home/nahomts/Desktop/DaisyExamples/libDaisy/build/libdaisy.a(stm32h7xx_hal_uart.o)
 .text.HAL_UART_TxHalfCpltCallback
                0x000000000800e7ec        0x4 /home/nahomts/Desktop/DaisyExamples/libDaisy/build/libdaisy.a(stm32h7xx_hal_uart.o)
                0x000000000800e7ec                HAL_UART_TxHalfCpltCallback
 .text.UART_DMATxHalfCplt
                0x000000000800e7f0        0xc /home/nahomts/Desktop/DaisyExamples/libDaisy/build/libdaisy.a(stm32h7xx_hal_uart.o)
 .text.UART_DMAReceiveCplt
                0x000000000800e7fc       0x38 /home/nahomts/Desktop/DaisyExamples/libDaisy/build/libdaisy.a(stm32h7xx_hal_uart.o)
 .text.UART_DMARxHalfCplt
                0x000000000800e834        0xc /home/nahomts/Desktop/DaisyExamples/libDaisy/build/libdaisy.a(stm32h7xx_hal_uart.o)
 .text.UART_DMAError
                0x000000000800e840       0x78 /home/nahomts/Desktop/DaisyExamples/libDaisy/build/libdaisy.a(stm32h7xx_hal_uart.o)
 .text.HAL_UART_IRQHandler
                0x000000000800e8b8      0x1d0 /home/nahomts/Desktop/DaisyExamples/libDaisy/build/libdaisy.a(stm32h7xx_hal_uart.o)
                0x000000000800e8b8                HAL_UART_IRQHandler
 .text.UART_DMAAbortOnError